<html>
<body>
<pre>
<h1>µVision Build Log</h1>
<h2>Tool Versions:</h2>
IDE-Version: ¦ÌVision V5.34.0.0
Copyright (C) 2021 ARM Ltd and ARM Germany GmbH. All rights reserved.
License Information: hx hx, hx, LIC=HN0AE-561VU-SB7EJ-USUJB-K2DWE-40LHT
 
Tool Versions:
Toolchain:       MDK-ARM Plus  Version: 5.34.0.0
Toolchain Path:  C:\Keil_v5\ARM\ARMCC\Bin
C Compiler:      Armcc.exe V5.06 update 7 (build 960)
Assembler:       Armasm.exe V5.06 update 7 (build 960)
Linker/Locator:  ArmLink.exe V5.06 update 7 (build 960)
Library Manager: ArmAr.exe V5.06 update 7 (build 960)
Hex Converter:   FromElf.exe V5.06 update 7 (build 960)
CPU DLL:         SARMCM3.DLL V5.34.0.0
Dialog DLL:      DCM.DLL V1.17.3.0
Target DLL:      STLink\ST-LINKIII-KEIL_SWO.dll V3.0.8.0
Dialog DLL:      TCM.DLL V1.48.0.0
 
<h2>Project:</h2>
E:\Code\GX\CCM4202S_DEMO\User\CCM4202S_DEMO.uvprojx
Project File Date:  12/03/2021

<h2>Output:</h2>
*** Using Compiler 'V5.06 update 7 (build 960)', folder: 'C:\Keil_v5\ARM\ARMCC\Bin'
Build target 'DEBUG_EFM'
Note: source file '..\Src\Source\Lock\hostlib\md5.c' - object file renamed from '..\Obj\obj_debug_efm\md5.o' to '..\Obj\obj_debug_efm\md5_1.o'.
Note: source file '..\Src\Source\app\MRW SENSOR\bsp\Timer.c' - object file renamed from '..\Obj\obj_debug_efm\Timer.o' to '..\Obj\obj_debug_efm\timer_1.o'.
compiling system_ARMCM4.c...
linking...
Program Size: Code=158956 RO-data=11368 RW-data=9596 ZI-data=104740  
FromELF: creating hex file...
After Build - User command #1: fromelf --bin --output ..\obj\bin\CCM4202S_Demo_EFM.bin ..\obj\obj_debug_efm\ccm4202s_demo_efm.axf
After Build - User command #2: fromelf --text -a -c --output ..\obj\hex\CCM4202S_Demo_EFM.asm ..\obj\obj_debug_efm\ccm4202s_demo_efm.axf
"..\Obj\obj_debug_efm\ccm4202s_demo_efm.axf" - 0 Error(s), 0 Warning(s).

<h2>Software Packages used:</h2>

Package Vendor: ARM
                http://www.keil.com/pack/ARM.CMSIS.5.7.0.pack
                ARM.CMSIS.5.7.0
                CMSIS (Cortex Microcontroller Software Interface Standard)

<h2>Collection of Component include folders:</h2>
  C:\Users\admin\AppData\Local\Arm\Packs\ARM\CMSIS\5.7.0\Device\ARM\ARMCM4\Include

<h2>Collection of Component Files used:</h2>
Build Time Elapsed:  00:00:13
</pre>
</body>
</html>
