<!doctype html public "-//w3c//dtd html 4.0 transitional//en">
<html><head>
<title>Static Call Graph - [..\Obj\obj_debug_efm\ccm4202s_demo_efm.axf]</title></head>
<body><HR>
<H1>Static Call Graph for image ..\Obj\obj_debug_efm\ccm4202s_demo_efm.axf</H1><HR>
<BR><P>#&#060CALLGRAPH&#062# ARM Linker, 5060960: Last Updated: Thu Dec 30 15:33:44 2021
<BR><P>
<H3>Maximum Stack Usage =       2084 bytes + Unknown(Cycles, Untraceable Function Pointers)</H3><H3>
Call chain for Maximum Stack Depth:</H3>
__rt_entry_main &rArr; main &rArr; AppUser_Init &rArr; APP_Power_Init &rArr; APP_GetBackBat &rArr; Menu_Comm_Service &rArr; Menu_Comm_BleRecvDeal &rArr; Menu_Comm_BleServerIssueChallenge &rArr; id2_client_get_challenge_auth_code &rArr; _id2_gen_auth_code &rArr; _id2_sign &rArr; _id2_sym_cipher &rArr; km_cipher &rArr; irot_hal_sym_crypto &rArr; apdu_transmit_wrap &rArr; se_transmit &rArr; apdu_sym_op &rArr; ID2_sym_op &rArr; aes_encrypt_cbc1 &rArr; Aesop &rArr; EDMAC_2ALG &rArr; set_edmac_new
<P>
<H3>
Mutually Recursive functions
</H3> <LI><a href="#[24]">AES_IRQHandler</a>&nbsp;&nbsp;&nbsp;&rArr;&nbsp;&nbsp;&nbsp;<a href="#[24]">AES_IRQHandler</a><BR>
 <LI><a href="#[409]">fn_WhenExitMenuOperation</a>&nbsp;&nbsp;&nbsp;&rArr;&nbsp;&nbsp;&nbsp;<a href="#[fc]">fn_JumpMenu</a><BR>
 <LI><a href="#[2a4]">Menu_CommMsgKeyStatusMenuEnter</a>&nbsp;&nbsp;&nbsp;&rArr;&nbsp;&nbsp;&nbsp;<a href="#[fc]">fn_JumpMenu</a><BR>
 <LI><a href="#[40b]">fn_WhenEnterMenuOperation</a>&nbsp;&nbsp;&nbsp;&rArr;&nbsp;&nbsp;&nbsp;<a href="#[fc]">fn_JumpMenu</a><BR>
 <LI><a href="#[34b]">MergeSort</a>&nbsp;&nbsp;&nbsp;&rArr;&nbsp;&nbsp;&nbsp;<a href="#[34b]">MergeSort</a><BR>
</UL>
<P>
<H3>
Function Pointers
</H3><UL>
 <LI><a href="#[24]">AES_IRQHandler</a> from startup_armcm4.o(.text) referenced from startup_armcm4.o(RESET)
 <LI><a href="#[5a]">APP_SysTimerHandler</a> from app_power.o(i.APP_SysTimerHandler) referenced from app_power.o(i.APP_SysTimerInit)
 <LI><a href="#[1f]">ASYNC_TIMER_IRQHandler</a> from pci_drv.o(i.ASYNC_TIMER_IRQHandler) referenced from startup_armcm4.o(RESET)
 <LI><a href="#[c]">BusFault_Handler</a> from system_armcm4.o(i.BusFault_Handler) referenced from startup_armcm4.o(RESET)
 <LI><a href="#[4b]">CLCD_IRQHandler</a> from startup_armcm4.o(.text) referenced from startup_armcm4.o(RESET)
 <LI><a href="#[27]">DAC_IRQHandler</a> from startup_armcm4.o(.text) referenced from startup_armcm4.o(RESET)
 <LI><a href="#[4c]">DCMI_IRQHandler</a> from c0_drv.o(i.DCMI_IRQHandler) referenced from startup_armcm4.o(RESET)
 <LI><a href="#[19]">DMA1_IRQHandler</a> from dmac_drv.o(i.DMA1_IRQHandler) referenced from startup_armcm4.o(RESET)
 <LI><a href="#[1b]">DMA2D_IRQHandler</a> from startup_armcm4.o(.text) referenced from startup_armcm4.o(RESET)
 <LI><a href="#[1a]">DMA2_IRQHandler</a> from dmac_drv.o(i.DMA2_IRQHandler) referenced from startup_armcm4.o(RESET)
 <LI><a href="#[f]">DebugMon_Handler</a> from system_armcm4.o(i.DebugMon_Handler) referenced from startup_armcm4.o(RESET)
 <LI><a href="#[12]">EFM_IRQHandler</a> from startup_armcm4.o(.text) referenced from startup_armcm4.o(RESET)
 <LI><a href="#[18]">ENCR1_IRQHandler</a> from startup_armcm4.o(.text) referenced from startup_armcm4.o(RESET)
 <LI><a href="#[17]">ENCR_IRQHandler</a> from edma_drv.o(i.ENCR_IRQHandler) referenced from startup_armcm4.o(RESET)
 <LI><a href="#[3b]">EPORT0_0_IRQHandler</a> from eport_drv.o(i.EPORT0_0_IRQHandler) referenced from startup_armcm4.o(RESET)
 <LI><a href="#[3c]">EPORT0_1_IRQHandler</a> from eport_drv.o(i.EPORT0_1_IRQHandler) referenced from startup_armcm4.o(RESET)
 <LI><a href="#[3d]">EPORT0_2_IRQHandler</a> from eport_drv.o(i.EPORT0_2_IRQHandler) referenced from startup_armcm4.o(RESET)
 <LI><a href="#[3e]">EPORT0_3_IRQHandler</a> from eport_drv.o(i.EPORT0_3_IRQHandler) referenced from startup_armcm4.o(RESET)
 <LI><a href="#[3f]">EPORT0_4_IRQHandler</a> from eport_drv.o(i.EPORT0_4_IRQHandler) referenced from startup_armcm4.o(RESET)
 <LI><a href="#[40]">EPORT0_5_IRQHandler</a> from eport_drv.o(i.EPORT0_5_IRQHandler) referenced from startup_armcm4.o(RESET)
 <LI><a href="#[41]">EPORT0_6_IRQHandler</a> from eport_drv.o(i.EPORT0_6_IRQHandler) referenced from startup_armcm4.o(RESET)
 <LI><a href="#[42]">EPORT0_7_IRQHandler</a> from eport_drv.o(i.EPORT0_7_IRQHandler) referenced from startup_armcm4.o(RESET)
 <LI><a href="#[43]">EPORT1_0_IRQHandler</a> from eport_drv.o(i.EPORT1_0_IRQHandler) referenced from startup_armcm4.o(RESET)
 <LI><a href="#[44]">EPORT1_1_IRQHandler</a> from eport_drv.o(i.EPORT1_1_IRQHandler) referenced from startup_armcm4.o(RESET)
 <LI><a href="#[45]">EPORT1_2_IRQHandler</a> from eport_drv.o(i.EPORT1_2_IRQHandler) referenced from startup_armcm4.o(RESET)
 <LI><a href="#[46]">EPORT1_3_IRQHandler</a> from eport_drv.o(i.EPORT1_3_IRQHandler) referenced from startup_armcm4.o(RESET)
 <LI><a href="#[47]">EPORT1_4_IRQHandler</a> from eport_drv.o(i.EPORT1_4_IRQHandler) referenced from startup_armcm4.o(RESET)
 <LI><a href="#[48]">EPORT1_5_IRQHandler</a> from eport_drv.o(i.EPORT1_5_IRQHandler) referenced from startup_armcm4.o(RESET)
 <LI><a href="#[49]">EPORT1_6_IRQHandler</a> from eport_drv.o(i.EPORT1_6_IRQHandler) referenced from startup_armcm4.o(RESET)
 <LI><a href="#[4a]">EPORT1_7_IRQHandler</a> from eport_drv.o(i.EPORT1_7_IRQHandler) referenced from startup_armcm4.o(RESET)
 <LI><a href="#[a]">HardFault_Handler</a> from cmb_fault.o(.text) referenced from startup_armcm4.o(RESET)
 <LI><a href="#[36]">I2C1_IRQHandler</a> from i2c_drv.o(i.I2C1_IRQHandler) referenced from startup_armcm4.o(RESET)
 <LI><a href="#[4d]">I2C2_IRQHandler</a> from i2c_drv.o(i.I2C2_IRQHandler) referenced from startup_armcm4.o(RESET)
 <LI><a href="#[4e]">I2C3_IRQHandler</a> from i2c_drv.o(i.I2C3_IRQHandler) referenced from startup_armcm4.o(RESET)
 <LI><a href="#[52]">LVD_EN</a> from system_armcm4.o(i.LVD_EN) referenced from startup_armcm4.o(.text)
 <LI><a href="#[28]">MCC_IRQHandler</a> from startup_armcm4.o(.text) referenced from startup_armcm4.o(RESET)
 <LI><a href="#[2b]">MIPI_IRQHandler</a> from startup_armcm4.o(.text) referenced from startup_armcm4.o(RESET)
 <LI><a href="#[b]">MemManage_Handler</a> from system_armcm4.o(i.MemManage_Handler) referenced from startup_armcm4.o(RESET)
 <LI><a href="#[5d]">Menu_Desktop</a> from menu_currentoperate.o(i.Menu_Desktop) referenced from menu_datastructure.o(.constdata)
 <LI><a href="#[5e]">Menu_FirstUse</a> from menu_currentoperate.o(i.Menu_FirstUse) referenced from menu_datastructure.o(.constdata)
 <LI><a href="#[61]">Menu_None</a> from menu_currentoperate.o(i.Menu_None) referenced 138 times from menu_datastructure.o(.constdata)
 <LI><a href="#[60]">Menu_PassWdFail</a> from menu_currentoperate.o(i.Menu_PassWdFail) referenced 3 times from menu_datastructure.o(.constdata)
 <LI><a href="#[5f]">Menu_PassWdPass</a> from menu_currentoperate.o(i.Menu_PassWdPass) referenced from menu_datastructure.o(.constdata)
 <LI><a href="#[5b]">Menu_SystemSleep</a> from menu_currentoperate.o(i.Menu_SystemSleep) referenced 6 times from menu_datastructure.o(.constdata)
 <LI><a href="#[5c]">Menu_Welcome</a> from menu_currentoperate.o(i.Menu_Welcome) referenced from menu_datastructure.o(.constdata)
 <LI><a href="#[9]">NMI_Handler</a> from system_armcm4.o(i.NMI_Handler) referenced from startup_armcm4.o(RESET)
 <LI><a href="#[1e]">PCI_DET_IRQHandler</a> from pci_drv.o(i.PCI_DET_IRQHandler) referenced from startup_armcm4.o(RESET)
 <LI><a href="#[20]">PCI_IRQHandler</a> from cpm_drv.o(i.PCI_IRQHandler) referenced from startup_armcm4.o(RESET)
 <LI><a href="#[15]">PIT1_IRQHandler</a> from pit32_drv.o(i.PIT1_IRQHandler) referenced from startup_armcm4.o(RESET)
 <LI><a href="#[16]">PIT2_IRQHandler</a> from pit32_drv.o(i.PIT2_IRQHandler) referenced from startup_armcm4.o(RESET)
 <LI><a href="#[13]">PMU_IRQHandler</a> from startup_armcm4.o(.text) referenced from startup_armcm4.o(RESET)
 <LI><a href="#[21]">PMU_RTC_IRQHandler</a> from rtc_drv.o(i.PMU_RTC_IRQHandler) referenced from startup_armcm4.o(RESET)
 <LI><a href="#[37]">PWM0_IRQHandler</a> from pwm_drv.o(i.PWM0_IRQHandler) referenced from startup_armcm4.o(RESET)
 <LI><a href="#[38]">PWM1_IRQHandler</a> from pwm_drv.o(i.PWM1_IRQHandler) referenced from startup_armcm4.o(RESET)
 <LI><a href="#[39]">PWM2_IRQHandler</a> from pwm_drv.o(i.PWM2_IRQHandler) referenced from startup_armcm4.o(RESET)
 <LI><a href="#[3a]">PWM3_IRQHandler</a> from pwm_drv.o(i.PWM3_IRQHandler) referenced from startup_armcm4.o(RESET)
 <LI><a href="#[10]">PendSV_Handler</a> from system_armcm4.o(i.PendSV_Handler) referenced from startup_armcm4.o(RESET)
 <LI><a href="#[26]">QADC_IRQHandler</a> from startup_armcm4.o(.text) referenced from startup_armcm4.o(RESET)
 <LI><a href="#[35]">RESERVED1</a> from startup_armcm4.o(.text) referenced from startup_armcm4.o(RESET)
 <LI><a href="#[50]">RESERVED2</a> from startup_armcm4.o(.text) referenced from startup_armcm4.o(RESET)
 <LI><a href="#[22]">RSA_IRQHandler</a> from startup_armcm4.o(.text) referenced from startup_armcm4.o(RESET)
 <LI><a href="#[8]">Reset_Handler</a> from startup_armcm4.o(.text) referenced from startup_armcm4.o(RESET)
 <LI><a href="#[32]">SCI1_IRQHandler</a> from uart_drv.o(i.SCI1_IRQHandler) referenced from startup_armcm4.o(RESET)
 <LI><a href="#[33]">SCI2_IRQHandler</a> from uart_drv.o(i.SCI2_IRQHandler) referenced from startup_armcm4.o(RESET)
 <LI><a href="#[4f]">SCI3_IRQHandler</a> from uart_drv.o(i.SCI3_IRQHandler) referenced from startup_armcm4.o(RESET)
 <LI><a href="#[1d]">SEC_PGD_LD_FD_IRQHandler</a> from startup_armcm4.o(.text) referenced from startup_armcm4.o(RESET)
 <LI><a href="#[23]">SHA_IRQHandler</a> from startup_armcm4.o(.text) referenced from startup_armcm4.o(RESET)
 <LI><a href="#[25]">SMS4_IRQHandler</a> from startup_armcm4.o(.text) referenced from startup_armcm4.o(RESET)
 <LI><a href="#[2c]">SPI1_IRQHandler</a> from spi_drv.o(i.SPI1_IRQHandler) referenced from startup_armcm4.o(RESET)
 <LI><a href="#[2d]">SPI2_IRQHandler</a> from spi_drv.o(i.SPI2_IRQHandler) referenced from startup_armcm4.o(RESET)
 <LI><a href="#[2e]">SPI3_IRQHandler</a> from spi_drv.o(i.SPI3_IRQHandler) referenced from startup_armcm4.o(RESET)
 <LI><a href="#[2f]">SPIM1_IRQHandler</a> from startup_armcm4.o(.text) referenced from startup_armcm4.o(RESET)
 <LI><a href="#[30]">SPIM2_IRQHandler</a> from startup_armcm4.o(.text) referenced from startup_armcm4.o(RESET)
 <LI><a href="#[31]">SPIM3_IRQHandler</a> from startup_armcm4.o(.text) referenced from startup_armcm4.o(RESET)
 <LI><a href="#[68]">SPI_Flash_Read</a> from flash.o(i.SPI_Flash_Read) referenced from bin_lib_table.o(.constdata)
 <LI><a href="#[69]">SPI_Flash_Write_Sectors</a> from flash.o(i.SPI_Flash_Write_Sectors) referenced from bin_lib_table.o(.constdata)
 <LI><a href="#[e]">SVC_Handler</a> from system_armcm4.o(i.SVC_Handler) referenced from startup_armcm4.o(RESET)
 <LI><a href="#[11]">SysTick_Handler</a> from systick_drv.o(i.SysTick_Handler) referenced from startup_armcm4.o(RESET)
 <LI><a href="#[53]">SystemInit</a> from system_armcm4.o(i.SystemInit) referenced from startup_armcm4.o(.text)
 <LI><a href="#[14]">TC_IRQHandler</a> from tc_drv.o(i.TC_IRQHandler) referenced from startup_armcm4.o(RESET)
 <LI><a href="#[1c]">TRNG_IRQHandler</a> from startup_armcm4.o(.text) referenced from startup_armcm4.o(RESET)
 <LI><a href="#[29]">TSI_IRQHandler</a> from tsi_app.o(i.TSI_IRQHandler) referenced from startup_armcm4.o(RESET)
 <LI><a href="#[2a]">USBC_IRQHandler</a> from usb_drv.o(i.USBC_IRQHandler) referenced from startup_armcm4.o(RESET)
 <LI><a href="#[51]">USI1_IRQHandler</a> from apdu_drv.o(i.USI1_IRQHandler) referenced from startup_armcm4.o(RESET)
 <LI><a href="#[34]">USI2_IRQHandler</a> from apdu_drv.o(i.USI2_IRQHandler) referenced from startup_armcm4.o(RESET)
 <LI><a href="#[d]">UsageFault_Handler</a> from system_armcm4.o(i.UsageFault_Handler) referenced from startup_armcm4.o(RESET)
 <LI><a href="#[6b]">__main</a> from __main.o(!!!main) referenced from startup_armcm4.o(.text)
 <LI><a href="#[55]">_get_lc_ctype</a> from lc_ctype_c.o(locale$$code) referenced from rt_ctype_table.o(.text)
 <LI><a href="#[58]">_printf_input_char</a> from _printf_char_common.o(.text) referenced from _printf_char_common.o(.text)
 <LI><a href="#[56]">_snputc</a> from _snputc.o(.text) referenced from vsnprintf.o(.text)
 <LI><a href="#[57]">_sputc</a> from _sputc.o(.text) referenced from __2sprintf.o(.text)
 <LI><a href="#[66]">eflash_bulk_program_withkey</a> from eflash_api.o(i.eflash_bulk_program_withkey) referenced from bin_lib_table.o(.constdata)
 <LI><a href="#[67]">eflash_page_erase_withkey</a> from eflash_api.o(i.eflash_page_erase_withkey) referenced from bin_lib_table.o(.constdata)
 <LI><a href="#[65]">eflash_program_withkey</a> from eflash_api.o(i.eflash_program_withkey) referenced from bin_lib_table.o(.constdata)
 <LI><a href="#[59]">fputc</a> from debug.o(i.fputc) referenced from _printf_char_file.o(.text)
 <LI><a href="#[6a]">fsmSendFrame</a> from fsm.o(i.fsmSendFrame) referenced from bin_lib_table.o(.constdata)
 <LI><a href="#[64]">sensorSpiWriteRead</a> from sensorspi.o(i.sensorSpiWriteRead) referenced from bin_lib_table.o(.constdata)
 <LI><a href="#[63]">systemTickMs</a> from timer_1.o(i.systemTickMs) referenced from bin_lib_table.o(.constdata)
 <LI><a href="#[62]">uartSendBuff</a> from uart.o(i.uartSendBuff) referenced from bin_lib_table.o(.constdata)
</UL>
<P>
<H3>
Global Symbols
</H3>
<P><STRONG><a name="[6b]"></a>__main</STRONG> (Thumb, 8 bytes, Stack size 0 bytes, __main.o(!!!main))
<BR><BR>[Calls]<UL><LI><a href="#[6d]">&gt;&gt;</a>&nbsp;&nbsp;&nbsp;__rt_entry
<LI><a href="#[6c]">&gt;&gt;</a>&nbsp;&nbsp;&nbsp;__scatterload
</UL>

<P><STRONG><a name="[6c]"></a>__scatterload</STRONG> (Thumb, 0 bytes, Stack size unknown bytes, __scatter.o(!!!scatter))
<BR><BR>[Called By]<UL><LI><a href="#[6b]">&gt;&gt;</a>&nbsp;&nbsp;&nbsp;__main
</UL>

<P><STRONG><a name="[6e]"></a>__scatterload_rt2</STRONG> (Thumb, 44 bytes, Stack size unknown bytes, __scatter.o(!!!scatter), UNUSED)
<BR><BR>[Calls]<UL><LI><a href="#[6d]">&gt;&gt;</a>&nbsp;&nbsp;&nbsp;__rt_entry
</UL>

<P><STRONG><a name="[462]"></a>__scatterload_rt2_thumb_only</STRONG> (Thumb, 0 bytes, Stack size unknown bytes, __scatter.o(!!!scatter), UNUSED)

<P><STRONG><a name="[463]"></a>__scatterload_null</STRONG> (Thumb, 0 bytes, Stack size unknown bytes, __scatter.o(!!!scatter), UNUSED)

<P><STRONG><a name="[464]"></a>__decompress</STRONG> (Thumb, 90 bytes, Stack size unknown bytes, __dczerorl2.o(!!dczerorl2), UNUSED)

<P><STRONG><a name="[465]"></a>__decompress1</STRONG> (Thumb, 0 bytes, Stack size unknown bytes, __dczerorl2.o(!!dczerorl2), UNUSED)

<P><STRONG><a name="[466]"></a>__scatterload_zeroinit</STRONG> (Thumb, 28 bytes, Stack size unknown bytes, __scatter_zi.o(!!handler_zi), UNUSED)

<P><STRONG><a name="[6f]"></a>_printf_n</STRONG> (Thumb, 0 bytes, Stack size unknown bytes, _printf_n.o(.ARM.Collect$$_printf_percent$$00000001))
<BR><BR>[Calls]<UL><LI><a href="#[70]">&gt;&gt;</a>&nbsp;&nbsp;&nbsp;_printf_charcount
</UL>

<P><STRONG><a name="[bd]"></a>_printf_percent</STRONG> (Thumb, 0 bytes, Stack size unknown bytes, _printf_percent.o(.ARM.Collect$$_printf_percent$$00000000))
<BR><BR>[Called By]<UL><LI><a href="#[bb]">&gt;&gt;</a>&nbsp;&nbsp;&nbsp;__printf
</UL>

<P><STRONG><a name="[71]"></a>_printf_p</STRONG> (Thumb, 0 bytes, Stack size unknown bytes, _printf_p.o(.ARM.Collect$$_printf_percent$$00000002))
<BR><BR>[Stack]<UL><LI>Max Depth = 64 + Unknown Stack Size
<LI>Call Chain = _printf_p &rArr; _printf_hex_ptr &rArr; _printf_longlong_hex &rArr; _printf_int_common &rArr; _printf_post_padding
</UL>
<BR>[Calls]<UL><LI><a href="#[72]">&gt;&gt;</a>&nbsp;&nbsp;&nbsp;_printf_hex_ptr
</UL>

<P><STRONG><a name="[73]"></a>_printf_f</STRONG> (Thumb, 0 bytes, Stack size unknown bytes, _printf_f.o(.ARM.Collect$$_printf_percent$$00000003))
<BR><BR>[Stack]<UL><LI>Max Depth = 324 + Unknown Stack Size
<LI>Call Chain = _printf_f &rArr; _printf_fp_dec &rArr; _printf_fp_dec_real &rArr; _fp_digits &rArr; _btod_etento &rArr; _btod_emul &rArr; _e2e
</UL>
<BR>[Calls]<UL><LI><a href="#[74]">&gt;&gt;</a>&nbsp;&nbsp;&nbsp;_printf_fp_dec
</UL>

<P><STRONG><a name="[75]"></a>_printf_e</STRONG> (Thumb, 0 bytes, Stack size unknown bytes, _printf_e.o(.ARM.Collect$$_printf_percent$$00000004))
<BR><BR>[Stack]<UL><LI>Max Depth = 324 + Unknown Stack Size
<LI>Call Chain = _printf_e &rArr; _printf_fp_dec &rArr; _printf_fp_dec_real &rArr; _fp_digits &rArr; _btod_etento &rArr; _btod_emul &rArr; _e2e
</UL>
<BR>[Calls]<UL><LI><a href="#[74]">&gt;&gt;</a>&nbsp;&nbsp;&nbsp;_printf_fp_dec
</UL>

<P><STRONG><a name="[76]"></a>_printf_g</STRONG> (Thumb, 0 bytes, Stack size unknown bytes, _printf_g.o(.ARM.Collect$$_printf_percent$$00000005))
<BR><BR>[Stack]<UL><LI>Max Depth = 324 + Unknown Stack Size
<LI>Call Chain = _printf_g &rArr; _printf_fp_dec &rArr; _printf_fp_dec_real &rArr; _fp_digits &rArr; _btod_etento &rArr; _btod_emul &rArr; _e2e
</UL>
<BR>[Calls]<UL><LI><a href="#[74]">&gt;&gt;</a>&nbsp;&nbsp;&nbsp;_printf_fp_dec
</UL>

<P><STRONG><a name="[77]"></a>_printf_a</STRONG> (Thumb, 0 bytes, Stack size unknown bytes, _printf_a.o(.ARM.Collect$$_printf_percent$$00000006))
<BR><BR>[Stack]<UL><LI>Max Depth = 112 + Unknown Stack Size
<LI>Call Chain = _printf_a &rArr; _printf_fp_hex &rArr; _printf_fp_hex_real &rArr; _printf_fp_infnan &rArr; _printf_post_padding
</UL>
<BR>[Calls]<UL><LI><a href="#[78]">&gt;&gt;</a>&nbsp;&nbsp;&nbsp;_printf_fp_hex
</UL>

<P><STRONG><a name="[467]"></a>_printf_ll</STRONG> (Thumb, 0 bytes, Stack size unknown bytes, _printf_ll.o(.ARM.Collect$$_printf_percent$$00000007))

<P><STRONG><a name="[79]"></a>_printf_i</STRONG> (Thumb, 0 bytes, Stack size unknown bytes, _printf_i.o(.ARM.Collect$$_printf_percent$$00000008))
<BR><BR>[Stack]<UL><LI>Max Depth = 72 + Unknown Stack Size
<LI>Call Chain = _printf_i &rArr; _printf_int_dec &rArr; _printf_int_common &rArr; _printf_post_padding
</UL>
<BR>[Calls]<UL><LI><a href="#[7a]">&gt;&gt;</a>&nbsp;&nbsp;&nbsp;_printf_int_dec
</UL>

<P><STRONG><a name="[7b]"></a>_printf_d</STRONG> (Thumb, 0 bytes, Stack size unknown bytes, _printf_d.o(.ARM.Collect$$_printf_percent$$00000009))
<BR><BR>[Stack]<UL><LI>Max Depth = 72 + Unknown Stack Size
<LI>Call Chain = _printf_d &rArr; _printf_int_dec &rArr; _printf_int_common &rArr; _printf_post_padding
</UL>
<BR>[Calls]<UL><LI><a href="#[7a]">&gt;&gt;</a>&nbsp;&nbsp;&nbsp;_printf_int_dec
</UL>

<P><STRONG><a name="[7c]"></a>_printf_u</STRONG> (Thumb, 0 bytes, Stack size unknown bytes, _printf_u.o(.ARM.Collect$$_printf_percent$$0000000A))
<BR><BR>[Stack]<UL><LI>Max Depth = 72 + Unknown Stack Size
<LI>Call Chain = _printf_u &rArr; _printf_int_dec &rArr; _printf_int_common &rArr; _printf_post_padding
</UL>
<BR>[Calls]<UL><LI><a href="#[7a]">&gt;&gt;</a>&nbsp;&nbsp;&nbsp;_printf_int_dec
</UL>

<P><STRONG><a name="[7d]"></a>_printf_o</STRONG> (Thumb, 0 bytes, Stack size unknown bytes, _printf_o.o(.ARM.Collect$$_printf_percent$$0000000B))
<BR><BR>[Stack]<UL><LI>Max Depth = 64 + Unknown Stack Size
<LI>Call Chain = _printf_o &rArr; _printf_int_oct &rArr; _printf_longlong_oct &rArr; _printf_int_common &rArr; _printf_post_padding
</UL>
<BR>[Calls]<UL><LI><a href="#[7e]">&gt;&gt;</a>&nbsp;&nbsp;&nbsp;_printf_int_oct
</UL>

<P><STRONG><a name="[7f]"></a>_printf_x</STRONG> (Thumb, 0 bytes, Stack size unknown bytes, _printf_x.o(.ARM.Collect$$_printf_percent$$0000000C))
<BR><BR>[Stack]<UL><LI>Max Depth = 80 + Unknown Stack Size
<LI>Call Chain = _printf_x &rArr; _printf_int_hex &rArr; _printf_longlong_hex &rArr; _printf_int_common &rArr; _printf_post_padding
</UL>
<BR>[Calls]<UL><LI><a href="#[80]">&gt;&gt;</a>&nbsp;&nbsp;&nbsp;_printf_int_hex
</UL>

<P><STRONG><a name="[81]"></a>_printf_lli</STRONG> (Thumb, 0 bytes, Stack size unknown bytes, _printf_lli.o(.ARM.Collect$$_printf_percent$$0000000D))
<BR><BR>[Stack]<UL><LI>Max Depth = 72 + Unknown Stack Size
<LI>Call Chain = _printf_lli &rArr; _printf_longlong_dec &rArr; _printf_int_common &rArr; _printf_post_padding
</UL>
<BR>[Calls]<UL><LI><a href="#[82]">&gt;&gt;</a>&nbsp;&nbsp;&nbsp;_printf_longlong_dec
</UL>

<P><STRONG><a name="[83]"></a>_printf_lld</STRONG> (Thumb, 0 bytes, Stack size unknown bytes, _printf_lld.o(.ARM.Collect$$_printf_percent$$0000000E))
<BR><BR>[Stack]<UL><LI>Max Depth = 72 + Unknown Stack Size
<LI>Call Chain = _printf_lld &rArr; _printf_longlong_dec &rArr; _printf_int_common &rArr; _printf_post_padding
</UL>
<BR>[Calls]<UL><LI><a href="#[82]">&gt;&gt;</a>&nbsp;&nbsp;&nbsp;_printf_longlong_dec
</UL>

<P><STRONG><a name="[84]"></a>_printf_llu</STRONG> (Thumb, 0 bytes, Stack size unknown bytes, _printf_llu.o(.ARM.Collect$$_printf_percent$$0000000F))
<BR><BR>[Stack]<UL><LI>Max Depth = 72 + Unknown Stack Size
<LI>Call Chain = _printf_llu &rArr; _printf_longlong_dec &rArr; _printf_int_common &rArr; _printf_post_padding
</UL>
<BR>[Calls]<UL><LI><a href="#[82]">&gt;&gt;</a>&nbsp;&nbsp;&nbsp;_printf_longlong_dec
</UL>

<P><STRONG><a name="[85]"></a>_printf_llo</STRONG> (Thumb, 0 bytes, Stack size unknown bytes, _printf_llo.o(.ARM.Collect$$_printf_percent$$00000010))
<BR><BR>[Stack]<UL><LI>Max Depth = 56 + Unknown Stack Size
<LI>Call Chain = _printf_llo &rArr; _printf_ll_oct &rArr; _printf_longlong_oct &rArr; _printf_int_common &rArr; _printf_post_padding
</UL>
<BR>[Calls]<UL><LI><a href="#[86]">&gt;&gt;</a>&nbsp;&nbsp;&nbsp;_printf_ll_oct
</UL>

<P><STRONG><a name="[87]"></a>_printf_llx</STRONG> (Thumb, 0 bytes, Stack size unknown bytes, _printf_llx.o(.ARM.Collect$$_printf_percent$$00000011))
<BR><BR>[Stack]<UL><LI>Max Depth = 64 + Unknown Stack Size
<LI>Call Chain = _printf_llx &rArr; _printf_ll_hex &rArr; _printf_longlong_hex &rArr; _printf_int_common &rArr; _printf_post_padding
</UL>
<BR>[Calls]<UL><LI><a href="#[88]">&gt;&gt;</a>&nbsp;&nbsp;&nbsp;_printf_ll_hex
</UL>

<P><STRONG><a name="[468]"></a>_printf_l</STRONG> (Thumb, 0 bytes, Stack size unknown bytes, _printf_l.o(.ARM.Collect$$_printf_percent$$00000012))

<P><STRONG><a name="[89]"></a>_printf_c</STRONG> (Thumb, 0 bytes, Stack size unknown bytes, _printf_c.o(.ARM.Collect$$_printf_percent$$00000013))
<BR><BR>[Stack]<UL><LI>Max Depth = 40 + Unknown Stack Size
<LI>Call Chain = _printf_c &rArr; _printf_char &rArr; _printf_cs_common &rArr; _printf_str &rArr; _printf_post_padding
</UL>
<BR>[Calls]<UL><LI><a href="#[8a]">&gt;&gt;</a>&nbsp;&nbsp;&nbsp;_printf_char
</UL>

<P><STRONG><a name="[8b]"></a>_printf_s</STRONG> (Thumb, 0 bytes, Stack size unknown bytes, _printf_s.o(.ARM.Collect$$_printf_percent$$00000014))
<BR><BR>[Stack]<UL><LI>Max Depth = 40 + Unknown Stack Size
<LI>Call Chain = _printf_s &rArr; _printf_string &rArr; _printf_cs_common &rArr; _printf_str &rArr; _printf_post_padding
</UL>
<BR>[Calls]<UL><LI><a href="#[8c]">&gt;&gt;</a>&nbsp;&nbsp;&nbsp;_printf_string
</UL>

<P><STRONG><a name="[8d]"></a>_printf_lc</STRONG> (Thumb, 0 bytes, Stack size unknown bytes, _printf_lc.o(.ARM.Collect$$_printf_percent$$00000015))
<BR><BR>[Stack]<UL><LI>Max Depth = 88 + Unknown Stack Size
<LI>Call Chain = _printf_lc &rArr; _printf_wchar &rArr; _printf_lcs_common &rArr; _printf_wctomb &rArr; _wcrtomb &rArr; __rt_ctype_table
</UL>
<BR>[Calls]<UL><LI><a href="#[8e]">&gt;&gt;</a>&nbsp;&nbsp;&nbsp;_printf_wchar
</UL>

<P><STRONG><a name="[8f]"></a>_printf_ls</STRONG> (Thumb, 0 bytes, Stack size unknown bytes, _printf_ls.o(.ARM.Collect$$_printf_percent$$00000016))
<BR><BR>[Stack]<UL><LI>Max Depth = 88 + Unknown Stack Size
<LI>Call Chain = _printf_ls &rArr; _printf_wstring &rArr; _printf_lcs_common &rArr; _printf_wctomb &rArr; _wcrtomb &rArr; __rt_ctype_table
</UL>
<BR>[Calls]<UL><LI><a href="#[90]">&gt;&gt;</a>&nbsp;&nbsp;&nbsp;_printf_wstring
</UL>

<P><STRONG><a name="[469]"></a>_printf_percent_end</STRONG> (Thumb, 0 bytes, Stack size unknown bytes, _printf_percent_end.o(.ARM.Collect$$_printf_percent$$00000017))

<P><STRONG><a name="[9d]"></a>__rt_lib_init</STRONG> (Thumb, 0 bytes, Stack size unknown bytes, libinit.o(.ARM.Collect$$libinit$$00000000))
<BR><BR>[Called By]<UL><LI><a href="#[9c]">&gt;&gt;</a>&nbsp;&nbsp;&nbsp;__rt_entry_li
</UL>

<P><STRONG><a name="[91]"></a>__rt_lib_init_fp_1</STRONG> (Thumb, 0 bytes, Stack size unknown bytes, libinit2.o(.ARM.Collect$$libinit$$00000001))
<BR><BR>[Calls]<UL><LI><a href="#[92]">&gt;&gt;</a>&nbsp;&nbsp;&nbsp;_fp_init
</UL>

<P><STRONG><a name="[93]"></a>__rt_lib_init_heap_2</STRONG> (Thumb, 0 bytes, Stack size unknown bytes, libinit2.o(.ARM.Collect$$libinit$$00000005))
<BR><BR>[Stack]<UL><LI>Max Depth = 56 + Unknown Stack Size
<LI>Call Chain = __rt_lib_init_heap_2 &rArr; _init_alloc &rArr; __rt_SIGRTMEM &rArr; __rt_SIGRTMEM_inner &rArr; __default_signal_display
</UL>
<BR>[Calls]<UL><LI><a href="#[94]">&gt;&gt;</a>&nbsp;&nbsp;&nbsp;_init_alloc
</UL>

<P><STRONG><a name="[46a]"></a>__rt_lib_init_preinit_1</STRONG> (Thumb, 0 bytes, Stack size unknown bytes, libinit2.o(.ARM.Collect$$libinit$$00000004))

<P><STRONG><a name="[46b]"></a>__rt_lib_init_heap_1</STRONG> (Thumb, 0 bytes, Stack size unknown bytes, libinit2.o(.ARM.Collect$$libinit$$0000000A))

<P><STRONG><a name="[95]"></a>__rt_lib_init_lc_common</STRONG> (Thumb, 0 bytes, Stack size unknown bytes, libinit2.o(.ARM.Collect$$libinit$$0000000F))
<BR><BR>[Calls]<UL><LI><a href="#[96]">&gt;&gt;</a>&nbsp;&nbsp;&nbsp;__rt_locale
</UL>

<P><STRONG><a name="[46c]"></a>__rt_lib_init_rand_1</STRONG> (Thumb, 0 bytes, Stack size unknown bytes, libinit2.o(.ARM.Collect$$libinit$$0000000E))

<P><STRONG><a name="[46d]"></a>__rt_lib_init_user_alloc_1</STRONG> (Thumb, 0 bytes, Stack size unknown bytes, libinit2.o(.ARM.Collect$$libinit$$0000000C))

<P><STRONG><a name="[46e]"></a>__rt_lib_init_lc_collate_1</STRONG> (Thumb, 0 bytes, Stack size unknown bytes, libinit2.o(.ARM.Collect$$libinit$$00000011))

<P><STRONG><a name="[97]"></a>__rt_lib_init_lc_ctype_2</STRONG> (Thumb, 0 bytes, Stack size unknown bytes, libinit2.o(.ARM.Collect$$libinit$$00000012))
<BR><BR>[Stack]<UL><LI>Max Depth = 8 + Unknown Stack Size
<LI>Call Chain = __rt_lib_init_lc_ctype_2 &rArr; _get_lc_ctype
</UL>
<BR>[Calls]<UL><LI><a href="#[55]">&gt;&gt;</a>&nbsp;&nbsp;&nbsp;_get_lc_ctype
</UL>

<P><STRONG><a name="[46f]"></a>__rt_lib_init_lc_ctype_1</STRONG> (Thumb, 0 bytes, Stack size unknown bytes, libinit2.o(.ARM.Collect$$libinit$$00000013))

<P><STRONG><a name="[470]"></a>__rt_lib_init_lc_monetary_1</STRONG> (Thumb, 0 bytes, Stack size unknown bytes, libinit2.o(.ARM.Collect$$libinit$$00000015))

<P><STRONG><a name="[98]"></a>__rt_lib_init_lc_numeric_2</STRONG> (Thumb, 0 bytes, Stack size unknown bytes, libinit2.o(.ARM.Collect$$libinit$$00000016))
<BR><BR>[Stack]<UL><LI>Max Depth = 8 + Unknown Stack Size
<LI>Call Chain = __rt_lib_init_lc_numeric_2 &rArr; _get_lc_numeric
</UL>
<BR>[Calls]<UL><LI><a href="#[99]">&gt;&gt;</a>&nbsp;&nbsp;&nbsp;_get_lc_numeric
</UL>

<P><STRONG><a name="[471]"></a>__rt_lib_init_alloca_1</STRONG> (Thumb, 0 bytes, Stack size unknown bytes, libinit2.o(.ARM.Collect$$libinit$$0000002E))

<P><STRONG><a name="[472]"></a>__rt_lib_init_argv_1</STRONG> (Thumb, 0 bytes, Stack size unknown bytes, libinit2.o(.ARM.Collect$$libinit$$0000002C))

<P><STRONG><a name="[473]"></a>__rt_lib_init_atexit_1</STRONG> (Thumb, 0 bytes, Stack size unknown bytes, libinit2.o(.ARM.Collect$$libinit$$0000001B))

<P><STRONG><a name="[474]"></a>__rt_lib_init_clock_1</STRONG> (Thumb, 0 bytes, Stack size unknown bytes, libinit2.o(.ARM.Collect$$libinit$$00000021))

<P><STRONG><a name="[475]"></a>__rt_lib_init_cpp_1</STRONG> (Thumb, 0 bytes, Stack size unknown bytes, libinit2.o(.ARM.Collect$$libinit$$00000032))

<P><STRONG><a name="[476]"></a>__rt_lib_init_exceptions_1</STRONG> (Thumb, 0 bytes, Stack size unknown bytes, libinit2.o(.ARM.Collect$$libinit$$00000030))

<P><STRONG><a name="[477]"></a>__rt_lib_init_fp_trap_1</STRONG> (Thumb, 0 bytes, Stack size unknown bytes, libinit2.o(.ARM.Collect$$libinit$$0000001F))

<P><STRONG><a name="[478]"></a>__rt_lib_init_getenv_1</STRONG> (Thumb, 0 bytes, Stack size unknown bytes, libinit2.o(.ARM.Collect$$libinit$$00000023))

<P><STRONG><a name="[479]"></a>__rt_lib_init_lc_numeric_1</STRONG> (Thumb, 0 bytes, Stack size unknown bytes, libinit2.o(.ARM.Collect$$libinit$$00000017))

<P><STRONG><a name="[47a]"></a>__rt_lib_init_lc_time_1</STRONG> (Thumb, 0 bytes, Stack size unknown bytes, libinit2.o(.ARM.Collect$$libinit$$00000019))

<P><STRONG><a name="[47b]"></a>__rt_lib_init_return</STRONG> (Thumb, 0 bytes, Stack size unknown bytes, libinit2.o(.ARM.Collect$$libinit$$00000033))

<P><STRONG><a name="[47c]"></a>__rt_lib_init_signal_1</STRONG> (Thumb, 0 bytes, Stack size unknown bytes, libinit2.o(.ARM.Collect$$libinit$$0000001D))

<P><STRONG><a name="[47d]"></a>__rt_lib_init_stdio_1</STRONG> (Thumb, 0 bytes, Stack size unknown bytes, libinit2.o(.ARM.Collect$$libinit$$00000025))

<P><STRONG><a name="[a2]"></a>__rt_lib_shutdown</STRONG> (Thumb, 0 bytes, Stack size unknown bytes, libshutdown.o(.ARM.Collect$$libshutdown$$00000000))
<BR><BR>[Called By]<UL><LI><a href="#[a1]">&gt;&gt;</a>&nbsp;&nbsp;&nbsp;__rt_exit_ls
</UL>

<P><STRONG><a name="[47e]"></a>__rt_lib_shutdown_cpp_1</STRONG> (Thumb, 0 bytes, Stack size unknown bytes, libshutdown2.o(.ARM.Collect$$libshutdown$$00000004))

<P><STRONG><a name="[47f]"></a>__rt_lib_shutdown_fini_1</STRONG> (Thumb, 0 bytes, Stack size unknown bytes, libshutdown2.o(.ARM.Collect$$libshutdown$$00000002))

<P><STRONG><a name="[480]"></a>__rt_lib_shutdown_fp_trap_1</STRONG> (Thumb, 0 bytes, Stack size unknown bytes, libshutdown2.o(.ARM.Collect$$libshutdown$$00000009))

<P><STRONG><a name="[481]"></a>__rt_lib_shutdown_heap_1</STRONG> (Thumb, 0 bytes, Stack size unknown bytes, libshutdown2.o(.ARM.Collect$$libshutdown$$00000011))

<P><STRONG><a name="[482]"></a>__rt_lib_shutdown_return</STRONG> (Thumb, 0 bytes, Stack size unknown bytes, libshutdown2.o(.ARM.Collect$$libshutdown$$00000012))

<P><STRONG><a name="[483]"></a>__rt_lib_shutdown_signal_1</STRONG> (Thumb, 0 bytes, Stack size unknown bytes, libshutdown2.o(.ARM.Collect$$libshutdown$$0000000C))

<P><STRONG><a name="[484]"></a>__rt_lib_shutdown_stdio_1</STRONG> (Thumb, 0 bytes, Stack size unknown bytes, libshutdown2.o(.ARM.Collect$$libshutdown$$00000006))

<P><STRONG><a name="[485]"></a>__rt_lib_shutdown_user_alloc_1</STRONG> (Thumb, 0 bytes, Stack size unknown bytes, libshutdown2.o(.ARM.Collect$$libshutdown$$0000000E))

<P><STRONG><a name="[6d]"></a>__rt_entry</STRONG> (Thumb, 0 bytes, Stack size unknown bytes, __rtentry.o(.ARM.Collect$$rtentry$$00000000))
<BR><BR>[Called By]<UL><LI><a href="#[6b]">&gt;&gt;</a>&nbsp;&nbsp;&nbsp;__main
<LI><a href="#[6e]">&gt;&gt;</a>&nbsp;&nbsp;&nbsp;__scatterload_rt2
</UL>

<P><STRONG><a name="[486]"></a>__rt_entry_presh_1</STRONG> (Thumb, 0 bytes, Stack size unknown bytes, __rtentry2.o(.ARM.Collect$$rtentry$$00000002))

<P><STRONG><a name="[9a]"></a>__rt_entry_sh</STRONG> (Thumb, 0 bytes, Stack size unknown bytes, __rtentry4.o(.ARM.Collect$$rtentry$$00000004))
<BR><BR>[Stack]<UL><LI>Max Depth = 8 + Unknown Stack Size
<LI>Call Chain = __rt_entry_sh &rArr; __user_setup_stackheap
</UL>
<BR>[Calls]<UL><LI><a href="#[9b]">&gt;&gt;</a>&nbsp;&nbsp;&nbsp;__user_setup_stackheap
</UL>

<P><STRONG><a name="[9c]"></a>__rt_entry_li</STRONG> (Thumb, 0 bytes, Stack size unknown bytes, __rtentry2.o(.ARM.Collect$$rtentry$$0000000A))
<BR><BR>[Calls]<UL><LI><a href="#[9d]">&gt;&gt;</a>&nbsp;&nbsp;&nbsp;__rt_lib_init
</UL>

<P><STRONG><a name="[487]"></a>__rt_entry_postsh_1</STRONG> (Thumb, 0 bytes, Stack size unknown bytes, __rtentry2.o(.ARM.Collect$$rtentry$$00000009))

<P><STRONG><a name="[9e]"></a>__rt_entry_main</STRONG> (Thumb, 0 bytes, Stack size unknown bytes, __rtentry2.o(.ARM.Collect$$rtentry$$0000000D))
<BR><BR>[Stack]<UL><LI>Max Depth = 2084 + Unknown Stack Size
<LI>Call Chain = __rt_entry_main &rArr; main &rArr; AppUser_Init &rArr; APP_Power_Init &rArr; APP_GetBackBat &rArr; Menu_Comm_Service &rArr; Menu_Comm_BleRecvDeal &rArr; Menu_Comm_BleServerIssueChallenge &rArr; id2_client_get_challenge_auth_code &rArr; _id2_gen_auth_code &rArr; _id2_sign &rArr; _id2_sym_cipher &rArr; km_cipher &rArr; irot_hal_sym_crypto &rArr; apdu_transmit_wrap &rArr; se_transmit &rArr; apdu_sym_op &rArr; ID2_sym_op &rArr; aes_encrypt_cbc1 &rArr; Aesop &rArr; EDMAC_2ALG &rArr; set_edmac_new
</UL>
<BR>[Calls]<UL><LI><a href="#[9f]">&gt;&gt;</a>&nbsp;&nbsp;&nbsp;main
<LI><a href="#[a0]">&gt;&gt;</a>&nbsp;&nbsp;&nbsp;exit
</UL>

<P><STRONG><a name="[488]"></a>__rt_entry_postli_1</STRONG> (Thumb, 0 bytes, Stack size unknown bytes, __rtentry2.o(.ARM.Collect$$rtentry$$0000000C))

<P><STRONG><a name="[e4]"></a>__rt_exit</STRONG> (Thumb, 0 bytes, Stack size unknown bytes, rtexit.o(.ARM.Collect$$rtexit$$00000000))
<BR><BR>[Called By]<UL><LI><a href="#[a0]">&gt;&gt;</a>&nbsp;&nbsp;&nbsp;exit
</UL>

<P><STRONG><a name="[a1]"></a>__rt_exit_ls</STRONG> (Thumb, 0 bytes, Stack size unknown bytes, rtexit2.o(.ARM.Collect$$rtexit$$00000003))
<BR><BR>[Calls]<UL><LI><a href="#[a2]">&gt;&gt;</a>&nbsp;&nbsp;&nbsp;__rt_lib_shutdown
</UL>

<P><STRONG><a name="[489]"></a>__rt_exit_prels_1</STRONG> (Thumb, 0 bytes, Stack size unknown bytes, rtexit2.o(.ARM.Collect$$rtexit$$00000002))

<P><STRONG><a name="[a3]"></a>__rt_exit_exit</STRONG> (Thumb, 0 bytes, Stack size unknown bytes, rtexit2.o(.ARM.Collect$$rtexit$$00000004))
<BR><BR>[Calls]<UL><LI><a href="#[a4]">&gt;&gt;</a>&nbsp;&nbsp;&nbsp;_sys_exit
</UL>

<P><STRONG><a name="[8]"></a>Reset_Handler</STRONG> (Thumb, 76 bytes, Stack size 0 bytes, startup_armcm4.o(.text))
<BR>[Address Reference Count : 1]<UL><LI> startup_armcm4.o(RESET)
</UL>
<P><STRONG><a name="[48a]"></a>_maybe_terminate_alloc</STRONG> (Thumb, 0 bytes, Stack size 0 bytes, maybetermalloc1.o(.emb_text), UNUSED)

<P><STRONG><a name="[24]"></a>AES_IRQHandler</STRONG> (Thumb, 0 bytes, Stack size 0 bytes, startup_armcm4.o(.text))
<BR><BR>[Calls]<UL><LI><a href="#[24]">&gt;&gt;</a>&nbsp;&nbsp;&nbsp;AES_IRQHandler
</UL>
<BR>[Called By]<UL><LI><a href="#[24]">&gt;&gt;</a>&nbsp;&nbsp;&nbsp;AES_IRQHandler
</UL>
<BR>[Address Reference Count : 1]<UL><LI> startup_armcm4.o(RESET)
</UL>
<P><STRONG><a name="[4b]"></a>CLCD_IRQHandler</STRONG> (Thumb, 0 bytes, Stack size 0 bytes, startup_armcm4.o(.text))
<BR>[Address Reference Count : 1]<UL><LI> startup_armcm4.o(RESET)
</UL>
<P><STRONG><a name="[27]"></a>DAC_IRQHandler</STRONG> (Thumb, 0 bytes, Stack size 0 bytes, startup_armcm4.o(.text))
<BR>[Address Reference Count : 1]<UL><LI> startup_armcm4.o(RESET)
</UL>
<P><STRONG><a name="[1b]"></a>DMA2D_IRQHandler</STRONG> (Thumb, 0 bytes, Stack size 0 bytes, startup_armcm4.o(.text))
<BR>[Address Reference Count : 1]<UL><LI> startup_armcm4.o(RESET)
</UL>
<P><STRONG><a name="[12]"></a>EFM_IRQHandler</STRONG> (Thumb, 0 bytes, Stack size 0 bytes, startup_armcm4.o(.text))
<BR>[Address Reference Count : 1]<UL><LI> startup_armcm4.o(RESET)
</UL>
<P><STRONG><a name="[18]"></a>ENCR1_IRQHandler</STRONG> (Thumb, 0 bytes, Stack size 0 bytes, startup_armcm4.o(.text))
<BR>[Address Reference Count : 1]<UL><LI> startup_armcm4.o(RESET)
</UL>
<P><STRONG><a name="[28]"></a>MCC_IRQHandler</STRONG> (Thumb, 0 bytes, Stack size 0 bytes, startup_armcm4.o(.text))
<BR>[Address Reference Count : 1]<UL><LI> startup_armcm4.o(RESET)
</UL>
<P><STRONG><a name="[2b]"></a>MIPI_IRQHandler</STRONG> (Thumb, 0 bytes, Stack size 0 bytes, startup_armcm4.o(.text))
<BR>[Address Reference Count : 1]<UL><LI> startup_armcm4.o(RESET)
</UL>
<P><STRONG><a name="[13]"></a>PMU_IRQHandler</STRONG> (Thumb, 0 bytes, Stack size 0 bytes, startup_armcm4.o(.text))
<BR>[Address Reference Count : 1]<UL><LI> startup_armcm4.o(RESET)
</UL>
<P><STRONG><a name="[26]"></a>QADC_IRQHandler</STRONG> (Thumb, 0 bytes, Stack size 0 bytes, startup_armcm4.o(.text))
<BR>[Address Reference Count : 1]<UL><LI> startup_armcm4.o(RESET)
</UL>
<P><STRONG><a name="[35]"></a>RESERVED1</STRONG> (Thumb, 0 bytes, Stack size 0 bytes, startup_armcm4.o(.text))
<BR>[Address Reference Count : 1]<UL><LI> startup_armcm4.o(RESET)
</UL>
<P><STRONG><a name="[50]"></a>RESERVED2</STRONG> (Thumb, 0 bytes, Stack size 0 bytes, startup_armcm4.o(.text))
<BR>[Address Reference Count : 1]<UL><LI> startup_armcm4.o(RESET)
</UL>
<P><STRONG><a name="[22]"></a>RSA_IRQHandler</STRONG> (Thumb, 0 bytes, Stack size 0 bytes, startup_armcm4.o(.text))
<BR>[Address Reference Count : 1]<UL><LI> startup_armcm4.o(RESET)
</UL>
<P><STRONG><a name="[1d]"></a>SEC_PGD_LD_FD_IRQHandler</STRONG> (Thumb, 0 bytes, Stack size 0 bytes, startup_armcm4.o(.text))
<BR>[Address Reference Count : 1]<UL><LI> startup_armcm4.o(RESET)
</UL>
<P><STRONG><a name="[23]"></a>SHA_IRQHandler</STRONG> (Thumb, 0 bytes, Stack size 0 bytes, startup_armcm4.o(.text))
<BR>[Address Reference Count : 1]<UL><LI> startup_armcm4.o(RESET)
</UL>
<P><STRONG><a name="[25]"></a>SMS4_IRQHandler</STRONG> (Thumb, 0 bytes, Stack size 0 bytes, startup_armcm4.o(.text))
<BR>[Address Reference Count : 1]<UL><LI> startup_armcm4.o(RESET)
</UL>
<P><STRONG><a name="[2f]"></a>SPIM1_IRQHandler</STRONG> (Thumb, 0 bytes, Stack size 0 bytes, startup_armcm4.o(.text))
<BR>[Address Reference Count : 1]<UL><LI> startup_armcm4.o(RESET)
</UL>
<P><STRONG><a name="[30]"></a>SPIM2_IRQHandler</STRONG> (Thumb, 0 bytes, Stack size 0 bytes, startup_armcm4.o(.text))
<BR>[Address Reference Count : 1]<UL><LI> startup_armcm4.o(RESET)
</UL>
<P><STRONG><a name="[31]"></a>SPIM3_IRQHandler</STRONG> (Thumb, 0 bytes, Stack size 0 bytes, startup_armcm4.o(.text))
<BR>[Address Reference Count : 1]<UL><LI> startup_armcm4.o(RESET)
</UL>
<P><STRONG><a name="[1c]"></a>TRNG_IRQHandler</STRONG> (Thumb, 0 bytes, Stack size 0 bytes, startup_armcm4.o(.text))
<BR>[Address Reference Count : 1]<UL><LI> startup_armcm4.o(RESET)
</UL>
<P><STRONG><a name="[e3]"></a>__user_initial_stackheap</STRONG> (Thumb, 10 bytes, Stack size 0 bytes, startup_armcm4.o(.text))
<BR><BR>[Called By]<UL><LI><a href="#[9b]">&gt;&gt;</a>&nbsp;&nbsp;&nbsp;__user_setup_stackheap
</UL>

<P><STRONG><a name="[a]"></a>HardFault_Handler</STRONG> (Thumb, 12 bytes, Stack size 0 bytes, cmb_fault.o(.text))
<BR><BR>[Stack]<UL><LI>Max Depth = 312 + Unknown Stack Size
<LI>Call Chain = HardFault_Handler &rArr; cm_backtrace_fault &rArr; print_call_stack &rArr; __2printf &rArr; _printf_char_file &rArr; _printf_char_common &rArr; __printf
</UL>
<BR>[Calls]<UL><LI><a href="#[a5]">&gt;&gt;</a>&nbsp;&nbsp;&nbsp;cm_backtrace_fault
</UL>
<BR>[Address Reference Count : 1]<UL><LI> startup_armcm4.o(RESET)
</UL>
<P><STRONG><a name="[48b]"></a>__use_no_semihosting</STRONG> (Thumb, 2 bytes, Stack size 0 bytes, use_no_semi_2.o(.text), UNUSED)

<P><STRONG><a name="[a6]"></a>__rt_ctype_table</STRONG> (Thumb, 16 bytes, Stack size 8 bytes, rt_ctype_table.o(.text))
<BR><BR>[Stack]<UL><LI>Max Depth = 8<LI>Call Chain = __rt_ctype_table
</UL>
<BR>[Calls]<UL><LI><a href="#[96]">&gt;&gt;</a>&nbsp;&nbsp;&nbsp;__rt_locale
</UL>
<BR>[Called By]<UL><LI><a href="#[b8]">&gt;&gt;</a>&nbsp;&nbsp;&nbsp;_wcrtomb
</UL>

<P><STRONG><a name="[a7]"></a>malloc</STRONG> (Thumb, 94 bytes, Stack size 16 bytes, h1_alloc.o(.text))
<BR><BR>[Stack]<UL><LI>Max Depth = 48<LI>Call Chain = malloc &rArr; __Heap_Full &rArr; __Heap_ProvideMemory &rArr; free
</UL>
<BR>[Calls]<UL><LI><a href="#[a9]">&gt;&gt;</a>&nbsp;&nbsp;&nbsp;__Heap_Full
<LI><a href="#[a8]">&gt;&gt;</a>&nbsp;&nbsp;&nbsp;__rt_heap_descriptor
</UL>
<BR>[Called By]<UL><LI><a href="#[3b4]">&gt;&gt;</a>&nbsp;&nbsp;&nbsp;ls_osa_malloc
</UL>

<P><STRONG><a name="[aa]"></a>free</STRONG> (Thumb, 78 bytes, Stack size 16 bytes, h1_free.o(.text))
<BR><BR>[Stack]<UL><LI>Max Depth = 16<LI>Call Chain = free
</UL>
<BR>[Calls]<UL><LI><a href="#[a8]">&gt;&gt;</a>&nbsp;&nbsp;&nbsp;__rt_heap_descriptor
</UL>
<BR>[Called By]<UL><LI><a href="#[3b7]">&gt;&gt;</a>&nbsp;&nbsp;&nbsp;ls_osa_free
<LI><a href="#[cb]">&gt;&gt;</a>&nbsp;&nbsp;&nbsp;__Heap_ProvideMemory
</UL>

<P><STRONG><a name="[ab]"></a>vprintf</STRONG> (Thumb, 8 bytes, Stack size 0 bytes, vprintf.o(.text))
<BR><BR>[Stack]<UL><LI>Max Depth = 120 + Unknown Stack Size
<LI>Call Chain = vprintf &rArr; _printf_char_file &rArr; _printf_char_common &rArr; __printf
</UL>
<BR>[Calls]<UL><LI><a href="#[ac]">&gt;&gt;</a>&nbsp;&nbsp;&nbsp;_printf_char_file
</UL>
<BR>[Called By]<UL><LI><a href="#[3ae]">&gt;&gt;</a>&nbsp;&nbsp;&nbsp;ls_osa_print
</UL>

<P><STRONG><a name="[ad]"></a>vsnprintf</STRONG> (Thumb, 48 bytes, Stack size 24 bytes, vsnprintf.o(.text))
<BR><BR>[Stack]<UL><LI>Max Depth = 128 + Unknown Stack Size
<LI>Call Chain = vsnprintf &rArr; _printf_char_common &rArr; __printf
</UL>
<BR>[Calls]<UL><LI><a href="#[57]">&gt;&gt;</a>&nbsp;&nbsp;&nbsp;_sputc
<LI><a href="#[ae]">&gt;&gt;</a>&nbsp;&nbsp;&nbsp;_printf_char_common
</UL>
<BR>[Called By]<UL><LI><a href="#[3b3]">&gt;&gt;</a>&nbsp;&nbsp;&nbsp;ls_osa_snprintf
</UL>

<P><STRONG><a name="[af]"></a>__2printf</STRONG> (Thumb, 20 bytes, Stack size 24 bytes, __2printf.o(.text))
<BR><BR>[Stack]<UL><LI>Max Depth = 144 + Unknown Stack Size
<LI>Call Chain = __2printf &rArr; _printf_char_file &rArr; _printf_char_common &rArr; __printf
</UL>
<BR>[Calls]<UL><LI><a href="#[ac]">&gt;&gt;</a>&nbsp;&nbsp;&nbsp;_printf_char_file
</UL>
<BR>[Called By]<UL><LI><a href="#[346]">&gt;&gt;</a>&nbsp;&nbsp;&nbsp;fn_MenuNum
<LI><a href="#[21b]">&gt;&gt;</a>&nbsp;&nbsp;&nbsp;Menu_KeepTimeRefresh
<LI><a href="#[343]">&gt;&gt;</a>&nbsp;&nbsp;&nbsp;Menu_KeyDeal_CloseLock
<LI><a href="#[33d]">&gt;&gt;</a>&nbsp;&nbsp;&nbsp;Menu_KeyBackLightUpdate
<LI><a href="#[33e]">&gt;&gt;</a>&nbsp;&nbsp;&nbsp;Menu_WakeUpLight
<LI><a href="#[1de]">&gt;&gt;</a>&nbsp;&nbsp;&nbsp;DRV_Power_HoldToRAM
<LI><a href="#[13b]">&gt;&gt;</a>&nbsp;&nbsp;&nbsp;Menu_KeyDealService
<LI><a href="#[13a]">&gt;&gt;</a>&nbsp;&nbsp;&nbsp;Menu_CycleScan
<LI><a href="#[120]">&gt;&gt;</a>&nbsp;&nbsp;&nbsp;cm_backtrace_init
<LI><a href="#[12f]">&gt;&gt;</a>&nbsp;&nbsp;&nbsp;Menu_Face_PowerOffStart
<LI><a href="#[12d]">&gt;&gt;</a>&nbsp;&nbsp;&nbsp;Menu_EnterDesktopVerifyStart
<LI><a href="#[12e]">&gt;&gt;</a>&nbsp;&nbsp;&nbsp;Menu_ChkError
<LI><a href="#[131]">&gt;&gt;</a>&nbsp;&nbsp;&nbsp;HAL_RTC_TimeGetStm
<LI><a href="#[fb]">&gt;&gt;</a>&nbsp;&nbsp;&nbsp;HAL_Comm_SendDealStart
<LI><a href="#[11d]">&gt;&gt;</a>&nbsp;&nbsp;&nbsp;Function_SysRamInit
<LI><a href="#[122]">&gt;&gt;</a>&nbsp;&nbsp;&nbsp;APP_WakeupRTCTimerGet
<LI><a href="#[124]">&gt;&gt;</a>&nbsp;&nbsp;&nbsp;APP_VolumeSetInit
<LI><a href="#[125]">&gt;&gt;</a>&nbsp;&nbsp;&nbsp;APP_SysWakeUpToMenu
<LI><a href="#[121]">&gt;&gt;</a>&nbsp;&nbsp;&nbsp;APP_StorageInit
<LI><a href="#[112]">&gt;&gt;</a>&nbsp;&nbsp;&nbsp;APP_Power_Init
<LI><a href="#[104]">&gt;&gt;</a>&nbsp;&nbsp;&nbsp;APP_Power_EnterSleepConfig
<LI><a href="#[ff]">&gt;&gt;</a>&nbsp;&nbsp;&nbsp;APP_GetPowerValue
<LI><a href="#[fa]">&gt;&gt;</a>&nbsp;&nbsp;&nbsp;APP_GetBackBat
<LI><a href="#[f2]">&gt;&gt;</a>&nbsp;&nbsp;&nbsp;APP_DefSet
<LI><a href="#[32b]">&gt;&gt;</a>&nbsp;&nbsp;&nbsp;Menu_Face_WifiConnect
<LI><a href="#[329]">&gt;&gt;</a>&nbsp;&nbsp;&nbsp;Menu_Face_VerifyOk
<LI><a href="#[32a]">&gt;&gt;</a>&nbsp;&nbsp;&nbsp;Menu_Face_VerifyFail
<LI><a href="#[328]">&gt;&gt;</a>&nbsp;&nbsp;&nbsp;Menu_Face_Desktop
<LI><a href="#[325]">&gt;&gt;</a>&nbsp;&nbsp;&nbsp;Menu_Face_Clear
<LI><a href="#[324]">&gt;&gt;</a>&nbsp;&nbsp;&nbsp;Menu_Face_BleShangTangCatEyeSingleDouble
<LI><a href="#[323]">&gt;&gt;</a>&nbsp;&nbsp;&nbsp;Menu_Face_BleR8CatEyeOTA
<LI><a href="#[322]">&gt;&gt;</a>&nbsp;&nbsp;&nbsp;Menu_Face_BleModifFaceSafetyLevel
<LI><a href="#[321]">&gt;&gt;</a>&nbsp;&nbsp;&nbsp;Menu_Face_BleFaceVersionGet
<LI><a href="#[320]">&gt;&gt;</a>&nbsp;&nbsp;&nbsp;Menu_Face_BleFaceDelId
<LI><a href="#[31f]">&gt;&gt;</a>&nbsp;&nbsp;&nbsp;Menu_Face_BleConfigWifiData
<LI><a href="#[31e]">&gt;&gt;</a>&nbsp;&nbsp;&nbsp;Menu_Face_BleCatEyeSN
<LI><a href="#[31d]">&gt;&gt;</a>&nbsp;&nbsp;&nbsp;Menu_Face_BleAliyunSecretKeySetParm
<LI><a href="#[31b]">&gt;&gt;</a>&nbsp;&nbsp;&nbsp;Menu_Face_BleAddFaceIng
<LI><a href="#[31a]">&gt;&gt;</a>&nbsp;&nbsp;&nbsp;Menu_Face_Bell
<LI><a href="#[319]">&gt;&gt;</a>&nbsp;&nbsp;&nbsp;Menu_Face_AdminChkVerifyOk
<LI><a href="#[318]">&gt;&gt;</a>&nbsp;&nbsp;&nbsp;Menu_Face_AdminChk
<LI><a href="#[317]">&gt;&gt;</a>&nbsp;&nbsp;&nbsp;Menu_Face_AddFaceIng
<LI><a href="#[29b]">&gt;&gt;</a>&nbsp;&nbsp;&nbsp;Menu_CatEyeConn
<LI><a href="#[315]">&gt;&gt;</a>&nbsp;&nbsp;&nbsp;Menu_WifiLockLogUpdata
<LI><a href="#[316]">&gt;&gt;</a>&nbsp;&nbsp;&nbsp;Menu_WifiCmdAlarmUpdata
<LI><a href="#[2a4]">&gt;&gt;</a>&nbsp;&nbsp;&nbsp;Menu_CommMsgKeyStatusMenuEnter
<LI><a href="#[25d]">&gt;&gt;</a>&nbsp;&nbsp;&nbsp;HAL_Finger_Verify
<LI><a href="#[25b]">&gt;&gt;</a>&nbsp;&nbsp;&nbsp;HAL_Finger_Reg
<LI><a href="#[33c]">&gt;&gt;</a>&nbsp;&nbsp;&nbsp;Menu_Finger_VerifyOk
<LI><a href="#[32e]">&gt;&gt;</a>&nbsp;&nbsp;&nbsp;Menu_Finger_Desktop
<LI><a href="#[334]">&gt;&gt;</a>&nbsp;&nbsp;&nbsp;Menu_Finger_DelFinger
<LI><a href="#[335]">&gt;&gt;</a>&nbsp;&nbsp;&nbsp;Menu_Finger_ClearAll
<LI><a href="#[338]">&gt;&gt;</a>&nbsp;&nbsp;&nbsp;Menu_Finger_BleDelFinger
<LI><a href="#[332]">&gt;&gt;</a>&nbsp;&nbsp;&nbsp;Menu_Finger_BleAddFingerStep
<LI><a href="#[336]">&gt;&gt;</a>&nbsp;&nbsp;&nbsp;Menu_Finger_BleAddFingerFaill
<LI><a href="#[337]">&gt;&gt;</a>&nbsp;&nbsp;&nbsp;Menu_Finger_BleAddFingerConfirmFail
<LI><a href="#[32f]">&gt;&gt;</a>&nbsp;&nbsp;&nbsp;Menu_Finger_AdminChk
<LI><a href="#[330]">&gt;&gt;</a>&nbsp;&nbsp;&nbsp;Menu_Finger_AddFingerStep
<LI><a href="#[299]">&gt;&gt;</a>&nbsp;&nbsp;&nbsp;Menu_AddError
<LI><a href="#[276]">&gt;&gt;</a>&nbsp;&nbsp;&nbsp;HAL_Storage_ClearUserData
<LI><a href="#[23c]">&gt;&gt;</a>&nbsp;&nbsp;&nbsp;HAL_FaceId_CmdDealStart
<LI><a href="#[14c]">&gt;&gt;</a>&nbsp;&nbsp;&nbsp;ChkPwd
<LI><a href="#[220]">&gt;&gt;</a>&nbsp;&nbsp;&nbsp;GetInputInfoMenuModPwdInputAgainFun
<LI><a href="#[21f]">&gt;&gt;</a>&nbsp;&nbsp;&nbsp;GetInputInfoMenuModPwdFun
<LI><a href="#[21a]">&gt;&gt;</a>&nbsp;&nbsp;&nbsp;GetInputInfoMenuDesktopFun
<LI><a href="#[213]">&gt;&gt;</a>&nbsp;&nbsp;&nbsp;EnterProjectModeCheck
<LI><a href="#[201]">&gt;&gt;</a>&nbsp;&nbsp;&nbsp;DesktopKeyEnter
<LI><a href="#[202]">&gt;&gt;</a>&nbsp;&nbsp;&nbsp;Menu_Face_PowerOnStart
<LI><a href="#[265]">&gt;&gt;</a>&nbsp;&nbsp;&nbsp;HAL_IR_SetDistance
<LI><a href="#[40a]">&gt;&gt;</a>&nbsp;&nbsp;&nbsp;fn_WhenExitMenu_VosGui
<LI><a href="#[409]">&gt;&gt;</a>&nbsp;&nbsp;&nbsp;fn_WhenExitMenuOperation
<LI><a href="#[40c]">&gt;&gt;</a>&nbsp;&nbsp;&nbsp;fn_WhenEnterMenu_VosGui
<LI><a href="#[40b]">&gt;&gt;</a>&nbsp;&nbsp;&nbsp;fn_WhenEnterMenuOperation
<LI><a href="#[29a]">&gt;&gt;</a>&nbsp;&nbsp;&nbsp;fn_TimeOutMenuReturn
<LI><a href="#[22b]">&gt;&gt;</a>&nbsp;&nbsp;&nbsp;HAL_Comm_Send
<LI><a href="#[309]">&gt;&gt;</a>&nbsp;&nbsp;&nbsp;Menu_SmartKeyMatch
<LI><a href="#[300]">&gt;&gt;</a>&nbsp;&nbsp;&nbsp;Menu_Comm_BleWifiToolTest
<LI><a href="#[2f6]">&gt;&gt;</a>&nbsp;&nbsp;&nbsp;Menu_Comm_BleWifiSetParm1
<LI><a href="#[2f5]">&gt;&gt;</a>&nbsp;&nbsp;&nbsp;Menu_Comm_BleWifiFunctionSwitchSet
<LI><a href="#[2fa]">&gt;&gt;</a>&nbsp;&nbsp;&nbsp;Menu_Comm_BleWakeSourceQuery
<LI><a href="#[2ff]">&gt;&gt;</a>&nbsp;&nbsp;&nbsp;Menu_Comm_BleVoltageTest
<LI><a href="#[2ef]">&gt;&gt;</a>&nbsp;&nbsp;&nbsp;Menu_Comm_BleVerifyPhoneEncrypt
<LI><a href="#[2f7]">&gt;&gt;</a>&nbsp;&nbsp;&nbsp;Menu_Comm_BleUnlockUploadWifiSW
<LI><a href="#[2f1]">&gt;&gt;</a>&nbsp;&nbsp;&nbsp;Menu_Comm_BleUnlockSmartKeyVerify
<LI><a href="#[2ee]">&gt;&gt;</a>&nbsp;&nbsp;&nbsp;Menu_Comm_BleUnlockPwdSet
<LI><a href="#[2fd]">&gt;&gt;</a>&nbsp;&nbsp;&nbsp;Menu_Comm_BleToolTestRWLockModel
<LI><a href="#[2fe]">&gt;&gt;</a>&nbsp;&nbsp;&nbsp;Menu_Comm_BleToolTestFail
<LI><a href="#[2fc]">&gt;&gt;</a>&nbsp;&nbsp;&nbsp;Menu_Comm_BleToolAddModel
<LI><a href="#[2f3]">&gt;&gt;</a>&nbsp;&nbsp;&nbsp;Menu_Comm_BleTmpeSecretKeyGet
<LI><a href="#[2ec]">&gt;&gt;</a>&nbsp;&nbsp;&nbsp;Menu_Comm_BleTimeSync
<LI><a href="#[2f4]">&gt;&gt;</a>&nbsp;&nbsp;&nbsp;Menu_Comm_BleTestServerConnectionStatus
<LI><a href="#[2f0]">&gt;&gt;</a>&nbsp;&nbsp;&nbsp;Menu_Comm_BleSmartKeySecretKeyGetRandom
<LI><a href="#[2f2]">&gt;&gt;</a>&nbsp;&nbsp;&nbsp;Menu_Comm_BleSmartKeySecretKeyGet
<LI><a href="#[2ed]">&gt;&gt;</a>&nbsp;&nbsp;&nbsp;Menu_Comm_BleSmartKeyAttributeModify
<LI><a href="#[2fb]">&gt;&gt;</a>&nbsp;&nbsp;&nbsp;Menu_Comm_BleShangTangCatEyeSingleDouble
<LI><a href="#[2f8]">&gt;&gt;</a>&nbsp;&nbsp;&nbsp;Menu_Comm_BleServerTokenVerify
<LI><a href="#[2f9]">&gt;&gt;</a>&nbsp;&nbsp;&nbsp;Menu_Comm_BleServerIssueChallenge
<LI><a href="#[301]">&gt;&gt;</a>&nbsp;&nbsp;&nbsp;Menu_Comm_BleSecondBatteryVoltageTest
<LI><a href="#[2ea]">&gt;&gt;</a>&nbsp;&nbsp;&nbsp;Menu_Comm_BleRecvDeal
<LI><a href="#[2e9]">&gt;&gt;</a>&nbsp;&nbsp;&nbsp;Menu_Comm_BleR8CatEyeOTA
<LI><a href="#[2e8]">&gt;&gt;</a>&nbsp;&nbsp;&nbsp;Menu_Comm_BleQueryLockConfigTable
<LI><a href="#[2e7]">&gt;&gt;</a>&nbsp;&nbsp;&nbsp;Menu_Comm_BlePhoneSecretKeyGet
<LI><a href="#[2e6]">&gt;&gt;</a>&nbsp;&nbsp;&nbsp;Menu_Comm_BleNewConfirmFingerRegSucced
<LI><a href="#[2e4]">&gt;&gt;</a>&nbsp;&nbsp;&nbsp;Menu_Comm_BleNewAddFinger
<LI><a href="#[2e3]">&gt;&gt;</a>&nbsp;&nbsp;&nbsp;Menu_Comm_BleNFCSwitchSet
<LI><a href="#[2e2]">&gt;&gt;</a>&nbsp;&nbsp;&nbsp;Menu_Comm_BleMotorTorqueSet
<LI><a href="#[2e1]">&gt;&gt;</a>&nbsp;&nbsp;&nbsp;Menu_Comm_BleMotorDirSet
<LI><a href="#[2e0]">&gt;&gt;</a>&nbsp;&nbsp;&nbsp;Menu_Comm_BleModifFaceSafetyLevel
<LI><a href="#[2df]">&gt;&gt;</a>&nbsp;&nbsp;&nbsp;Menu_Comm_BleMcuEnterUpdataMode
<LI><a href="#[2de]">&gt;&gt;</a>&nbsp;&nbsp;&nbsp;Menu_Comm_BleLockVolumeSet
<LI><a href="#[2dd]">&gt;&gt;</a>&nbsp;&nbsp;&nbsp;Menu_Comm_BleLockUpdateProgramMode
<LI><a href="#[2dc]">&gt;&gt;</a>&nbsp;&nbsp;&nbsp;Menu_Comm_BleLockTimeGet
<LI><a href="#[2da]">&gt;&gt;</a>&nbsp;&nbsp;&nbsp;Menu_Comm_BleLockRegSecretKeyGet
<LI><a href="#[2d9]">&gt;&gt;</a>&nbsp;&nbsp;&nbsp;Menu_Comm_BleLockPwdVerifyAdmin
<LI><a href="#[2d8]">&gt;&gt;</a>&nbsp;&nbsp;&nbsp;Menu_Comm_BleLockMacGet
<LI><a href="#[2d7]">&gt;&gt;</a>&nbsp;&nbsp;&nbsp;Menu_Comm_BleLockFirmwareVersionGet
<LI><a href="#[2d6]">&gt;&gt;</a>&nbsp;&nbsp;&nbsp;Menu_Comm_BleLedOledTest
<LI><a href="#[2d4]">&gt;&gt;</a>&nbsp;&nbsp;&nbsp;Menu_Comm_BleInfraredMonitoringDistanceSet
<LI><a href="#[2d3]">&gt;&gt;</a>&nbsp;&nbsp;&nbsp;Menu_Comm_BleID2ServerSwitch
<LI><a href="#[2d2]">&gt;&gt;</a>&nbsp;&nbsp;&nbsp;Menu_Comm_BleGyroscopeSet
<LI><a href="#[2d1]">&gt;&gt;</a>&nbsp;&nbsp;&nbsp;Menu_Comm_BleGetMcuVersion
<LI><a href="#[2d0]">&gt;&gt;</a>&nbsp;&nbsp;&nbsp;Menu_Comm_BleGetEventRecords
<LI><a href="#[2cf]">&gt;&gt;</a>&nbsp;&nbsp;&nbsp;Menu_Comm_BleFlashWriteTest
<LI><a href="#[2ce]">&gt;&gt;</a>&nbsp;&nbsp;&nbsp;Menu_Comm_BleFlashRWComp
<LI><a href="#[2cd]">&gt;&gt;</a>&nbsp;&nbsp;&nbsp;Menu_Comm_BleFingerAttributeModify
<LI><a href="#[2cb]">&gt;&gt;</a>&nbsp;&nbsp;&nbsp;Menu_Comm_BleFaceVersionGet
<LI><a href="#[2ca]">&gt;&gt;</a>&nbsp;&nbsp;&nbsp;Menu_Comm_BleFaceRegConfirm
<LI><a href="#[2c8]">&gt;&gt;</a>&nbsp;&nbsp;&nbsp;Menu_Comm_BleFaceReg
<LI><a href="#[2c6]">&gt;&gt;</a>&nbsp;&nbsp;&nbsp;Menu_Comm_BleFaceDelId
<LI><a href="#[2c5]">&gt;&gt;</a>&nbsp;&nbsp;&nbsp;Menu_Comm_BleFaceAttributeModify
<LI><a href="#[2c3]">&gt;&gt;</a>&nbsp;&nbsp;&nbsp;Menu_Comm_BleEquipmentReg
<LI><a href="#[2c2]">&gt;&gt;</a>&nbsp;&nbsp;&nbsp;Menu_Comm_BleEmptyUser
<LI><a href="#[2c1]">&gt;&gt;</a>&nbsp;&nbsp;&nbsp;Menu_Comm_BleDoorbellCapture
<LI><a href="#[2c0]">&gt;&gt;</a>&nbsp;&nbsp;&nbsp;Menu_Comm_BleDoorOpeningModeSet
<LI><a href="#[2be]">&gt;&gt;</a>&nbsp;&nbsp;&nbsp;Menu_Comm_BleDisconnectBluetooth
<LI><a href="#[2bd]">&gt;&gt;</a>&nbsp;&nbsp;&nbsp;Menu_Comm_BleDelSmartKey
<LI><a href="#[2bc]">&gt;&gt;</a>&nbsp;&nbsp;&nbsp;Menu_Comm_BleDelPhoneAccount
<LI><a href="#[2ba]">&gt;&gt;</a>&nbsp;&nbsp;&nbsp;Menu_Comm_BleDelFinger
<LI><a href="#[2b8]">&gt;&gt;</a>&nbsp;&nbsp;&nbsp;Menu_Comm_BleDHKeyExchangeAlgorithm
<LI><a href="#[2b7]">&gt;&gt;</a>&nbsp;&nbsp;&nbsp;Menu_Comm_BleChannelPwdGet
<LI><a href="#[2b6]">&gt;&gt;</a>&nbsp;&nbsp;&nbsp;Menu_Comm_BleCatEyeSN
<LI><a href="#[2b5]">&gt;&gt;</a>&nbsp;&nbsp;&nbsp;Menu_Comm_BleAutomaticLockIntervalSet
<LI><a href="#[2b4]">&gt;&gt;</a>&nbsp;&nbsp;&nbsp;Menu_Comm_BleAutoLockKeyConfig
<LI><a href="#[2b3]">&gt;&gt;</a>&nbsp;&nbsp;&nbsp;Menu_Comm_BleAutoLockConfig
<LI><a href="#[2b2]">&gt;&gt;</a>&nbsp;&nbsp;&nbsp;Menu_Comm_BleAliyunSecretKeySetParm
<LI><a href="#[2b1]">&gt;&gt;</a>&nbsp;&nbsp;&nbsp;Menu_Comm_BleAddSmartKeyAccredit
<LI><a href="#[2b0]">&gt;&gt;</a>&nbsp;&nbsp;&nbsp;Menu_Comm_BleAddPhoneAccount
<LI><a href="#[2af]">&gt;&gt;</a>&nbsp;&nbsp;&nbsp;Menu_Comm_BleAddFinger
<LI><a href="#[2ae]">&gt;&gt;</a>&nbsp;&nbsp;&nbsp;Menu_Comm_BleActiveDefense
<LI><a href="#[2ad]">&gt;&gt;</a>&nbsp;&nbsp;&nbsp;Menu_Comm_BleAKeyProtection
<LI><a href="#[2ac]">&gt;&gt;</a>&nbsp;&nbsp;&nbsp;Menu_Comm_BleAESUnlockPwdSet
<LI><a href="#[2ab]">&gt;&gt;</a>&nbsp;&nbsp;&nbsp;Menu_Comm_BleAESUnlockAlarmPwdSet
<LI><a href="#[2a9]">&gt;&gt;</a>&nbsp;&nbsp;&nbsp;Menu_Comm_BleAESTmpeSecretKeyGet
<LI><a href="#[2a8]">&gt;&gt;</a>&nbsp;&nbsp;&nbsp;Menu_Comm_BleAESAddPhoneAccount
<LI><a href="#[2a7]">&gt;&gt;</a>&nbsp;&nbsp;&nbsp;Menu_CommOpenAndInfoUpload
<LI><a href="#[2a6]">&gt;&gt;</a>&nbsp;&nbsp;&nbsp;Menu_CommMsgMotorLock
<LI><a href="#[2a2]">&gt;&gt;</a>&nbsp;&nbsp;&nbsp;Menu_CommMsgKeyStatus
<LI><a href="#[2a1]">&gt;&gt;</a>&nbsp;&nbsp;&nbsp;Menu_CommMsgEnterOTA
<LI><a href="#[2a0]">&gt;&gt;</a>&nbsp;&nbsp;&nbsp;Menu_CommMsgDisconnectBLE
<LI><a href="#[29f]">&gt;&gt;</a>&nbsp;&nbsp;&nbsp;Menu_CommGetBattery
<LI><a href="#[286]">&gt;&gt;</a>&nbsp;&nbsp;&nbsp;HAL_VoiceDeal
<LI><a href="#[349]">&gt;&gt;</a>&nbsp;&nbsp;&nbsp;Menu_VoicePlay
<LI><a href="#[252]">&gt;&gt;</a>&nbsp;&nbsp;&nbsp;HAL_FaceId_VerifyUser
<LI><a href="#[24c]">&gt;&gt;</a>&nbsp;&nbsp;&nbsp;HAL_FaceId_PowerDeal
<LI><a href="#[24a]">&gt;&gt;</a>&nbsp;&nbsp;&nbsp;HAL_FaceId_GetVersion
<LI><a href="#[244]">&gt;&gt;</a>&nbsp;&nbsp;&nbsp;HAL_FaceId_DelOneUser
<LI><a href="#[243]">&gt;&gt;</a>&nbsp;&nbsp;&nbsp;HAL_FaceId_DelAllUser
<LI><a href="#[240]">&gt;&gt;</a>&nbsp;&nbsp;&nbsp;HAL_FaceId_CmdPowerOn
<LI><a href="#[23f]">&gt;&gt;</a>&nbsp;&nbsp;&nbsp;HAL_FaceId_CmdPowerOffDir
<LI><a href="#[23e]">&gt;&gt;</a>&nbsp;&nbsp;&nbsp;HAL_FaceId_CmdPowerOff
<LI><a href="#[238]">&gt;&gt;</a>&nbsp;&nbsp;&nbsp;HAL_FaceId_AddUser
<LI><a href="#[32c]">&gt;&gt;</a>&nbsp;&nbsp;&nbsp;Menu_TriggerCaptureData
<LI><a href="#[314]">&gt;&gt;</a>&nbsp;&nbsp;&nbsp;Menu_FaceWifiDeal
<LI><a href="#[1b2]">&gt;&gt;</a>&nbsp;&nbsp;&nbsp;DRV_Finger_RegModel
<LI><a href="#[1b0]">&gt;&gt;</a>&nbsp;&nbsp;&nbsp;DRV_Finger_Init
<LI><a href="#[1ab]">&gt;&gt;</a>&nbsp;&nbsp;&nbsp;DRV_Finger_GenImg
<LI><a href="#[1a8]">&gt;&gt;</a>&nbsp;&nbsp;&nbsp;DRV_Finger_DeletChar
<LI><a href="#[1e3]">&gt;&gt;</a>&nbsp;&nbsp;&nbsp;DRV_Power_SysWakeupChk
<LI><a href="#[1df]">&gt;&gt;</a>&nbsp;&nbsp;&nbsp;DRV_Power_RAMToHold
<LI><a href="#[1d9]">&gt;&gt;</a>&nbsp;&nbsp;&nbsp;DRV_Power_EnterSleep
<LI><a href="#[1d2]">&gt;&gt;</a>&nbsp;&nbsp;&nbsp;DRV_Power_CPUInit
<LI><a href="#[164]">&gt;&gt;</a>&nbsp;&nbsp;&nbsp;DRV_BuFang_Time_Sleep
<LI><a href="#[162]">&gt;&gt;</a>&nbsp;&nbsp;&nbsp;DRV_BuFang_Time_Detet
<LI><a href="#[1a3]">&gt;&gt;</a>&nbsp;&nbsp;&nbsp;DRV_Face_EnterSleepConfig
<LI><a href="#[1a0]">&gt;&gt;</a>&nbsp;&nbsp;&nbsp;DRV_FaceId_RecvDataAndAnalysis
<LI><a href="#[23a]">&gt;&gt;</a>&nbsp;&nbsp;&nbsp;HAL_FaceId_Cmd
<LI><a href="#[180]">&gt;&gt;</a>&nbsp;&nbsp;&nbsp;DRV_Comm_RecvDataUnblock
<LI><a href="#[17e]">&gt;&gt;</a>&nbsp;&nbsp;&nbsp;DRV_Comm_RecvDataAndAnalysis
<LI><a href="#[172]">&gt;&gt;</a>&nbsp;&nbsp;&nbsp;DRV_Comm_CmdSend
<LI><a href="#[18e]">&gt;&gt;</a>&nbsp;&nbsp;&nbsp;DRV_FaceId_PackDataAndSend
<LI><a href="#[1b8]">&gt;&gt;</a>&nbsp;&nbsp;&nbsp;DRV_IR_RecvDataUnblock
<LI><a href="#[264]">&gt;&gt;</a>&nbsp;&nbsp;&nbsp;HAL_IR_Set
<LI><a href="#[178]">&gt;&gt;</a>&nbsp;&nbsp;&nbsp;DRV_Comm_PackDataAndSend
<LI><a href="#[1f1]">&gt;&gt;</a>&nbsp;&nbsp;&nbsp;W25QXX_Write
<LI><a href="#[3ae]">&gt;&gt;</a>&nbsp;&nbsp;&nbsp;ls_osa_print
<LI><a href="#[210]">&gt;&gt;</a>&nbsp;&nbsp;&nbsp;assert_failed
<LI><a href="#[35a]">&gt;&gt;</a>&nbsp;&nbsp;&nbsp;Read_ID_Test
<LI><a href="#[156]">&gt;&gt;</a>&nbsp;&nbsp;&nbsp;drv_SubC0_callback
<LI><a href="#[378]">&gt;&gt;</a>&nbsp;&nbsp;&nbsp;SubC0_gint5_callback
<LI><a href="#[377]">&gt;&gt;</a>&nbsp;&nbsp;&nbsp;SubC0_gint4_callback
<LI><a href="#[376]">&gt;&gt;</a>&nbsp;&nbsp;&nbsp;SubC0_gint1_callback
<LI><a href="#[d]">&gt;&gt;</a>&nbsp;&nbsp;&nbsp;UsageFault_Handler
<LI><a href="#[e]">&gt;&gt;</a>&nbsp;&nbsp;&nbsp;SVC_Handler
<LI><a href="#[10]">&gt;&gt;</a>&nbsp;&nbsp;&nbsp;PendSV_Handler
<LI><a href="#[9]">&gt;&gt;</a>&nbsp;&nbsp;&nbsp;NMI_Handler
<LI><a href="#[b]">&gt;&gt;</a>&nbsp;&nbsp;&nbsp;MemManage_Handler
<LI><a href="#[f]">&gt;&gt;</a>&nbsp;&nbsp;&nbsp;DebugMon_Handler
<LI><a href="#[c]">&gt;&gt;</a>&nbsp;&nbsp;&nbsp;BusFault_Handler
<LI><a href="#[20f]">&gt;&gt;</a>&nbsp;&nbsp;&nbsp;EPORT_IRQHandler
<LI><a href="#[21]">&gt;&gt;</a>&nbsp;&nbsp;&nbsp;PMU_RTC_IRQHandler
<LI><a href="#[20]">&gt;&gt;</a>&nbsp;&nbsp;&nbsp;PCI_IRQHandler
<LI><a href="#[1e]">&gt;&gt;</a>&nbsp;&nbsp;&nbsp;PCI_DET_IRQHandler
<LI><a href="#[28c]">&gt;&gt;</a>&nbsp;&nbsp;&nbsp;ID2_sym_op
<LI><a href="#[3f9]">&gt;&gt;</a>&nbsp;&nbsp;&nbsp;cm_backtrace_firmware_info
<LI><a href="#[a5]">&gt;&gt;</a>&nbsp;&nbsp;&nbsp;cm_backtrace_fault
<LI><a href="#[3fd]">&gt;&gt;</a>&nbsp;&nbsp;&nbsp;print_call_stack
<LI><a href="#[3fc]">&gt;&gt;</a>&nbsp;&nbsp;&nbsp;fault_diagnosis
<LI><a href="#[3fb]">&gt;&gt;</a>&nbsp;&nbsp;&nbsp;dump_stack
</UL>

<P><STRONG><a name="[b0]"></a>__2sprintf</STRONG> (Thumb, 38 bytes, Stack size 32 bytes, __2sprintf.o(.text))
<BR><BR>[Stack]<UL><LI>Max Depth = 136 + Unknown Stack Size
<LI>Call Chain = __2sprintf &rArr; _printf_char_common &rArr; __printf
</UL>
<BR>[Calls]<UL><LI><a href="#[57]">&gt;&gt;</a>&nbsp;&nbsp;&nbsp;_sputc
<LI><a href="#[ae]">&gt;&gt;</a>&nbsp;&nbsp;&nbsp;_printf_char_common
</UL>
<BR>[Called By]<UL><LI><a href="#[3fd]">&gt;&gt;</a>&nbsp;&nbsp;&nbsp;print_call_stack
</UL>

<P><STRONG><a name="[b2]"></a>_printf_pre_padding</STRONG> (Thumb, 44 bytes, Stack size 16 bytes, _printf_pad.o(.text))
<BR><BR>[Stack]<UL><LI>Max Depth = 16<LI>Call Chain = _printf_pre_padding
</UL>
<BR>[Called By]<UL><LI><a href="#[d6]">&gt;&gt;</a>&nbsp;&nbsp;&nbsp;_printf_fp_dec_real
<LI><a href="#[b6]">&gt;&gt;</a>&nbsp;&nbsp;&nbsp;_printf_int_common
<LI><a href="#[b7]">&gt;&gt;</a>&nbsp;&nbsp;&nbsp;_printf_wctomb
<LI><a href="#[b1]">&gt;&gt;</a>&nbsp;&nbsp;&nbsp;_printf_str
<LI><a href="#[d8]">&gt;&gt;</a>&nbsp;&nbsp;&nbsp;_printf_fp_infnan
<LI><a href="#[df]">&gt;&gt;</a>&nbsp;&nbsp;&nbsp;_printf_fp_hex_real
</UL>

<P><STRONG><a name="[b3]"></a>_printf_post_padding</STRONG> (Thumb, 34 bytes, Stack size 16 bytes, _printf_pad.o(.text))
<BR><BR>[Stack]<UL><LI>Max Depth = 16<LI>Call Chain = _printf_post_padding
</UL>
<BR>[Called By]<UL><LI><a href="#[d6]">&gt;&gt;</a>&nbsp;&nbsp;&nbsp;_printf_fp_dec_real
<LI><a href="#[b6]">&gt;&gt;</a>&nbsp;&nbsp;&nbsp;_printf_int_common
<LI><a href="#[b7]">&gt;&gt;</a>&nbsp;&nbsp;&nbsp;_printf_wctomb
<LI><a href="#[b1]">&gt;&gt;</a>&nbsp;&nbsp;&nbsp;_printf_str
<LI><a href="#[d8]">&gt;&gt;</a>&nbsp;&nbsp;&nbsp;_printf_fp_infnan
<LI><a href="#[df]">&gt;&gt;</a>&nbsp;&nbsp;&nbsp;_printf_fp_hex_real
</UL>

<P><STRONG><a name="[b4]"></a>_printf_truncate_signed</STRONG> (Thumb, 18 bytes, Stack size 0 bytes, _printf_truncate.o(.text))
<BR><BR>[Called By]<UL><LI><a href="#[7a]">&gt;&gt;</a>&nbsp;&nbsp;&nbsp;_printf_int_dec
</UL>

<P><STRONG><a name="[b5]"></a>_printf_truncate_unsigned</STRONG> (Thumb, 18 bytes, Stack size 0 bytes, _printf_truncate.o(.text))
<BR><BR>[Called By]<UL><LI><a href="#[80]">&gt;&gt;</a>&nbsp;&nbsp;&nbsp;_printf_int_hex
<LI><a href="#[7e]">&gt;&gt;</a>&nbsp;&nbsp;&nbsp;_printf_int_oct
<LI><a href="#[7a]">&gt;&gt;</a>&nbsp;&nbsp;&nbsp;_printf_int_dec
</UL>

<P><STRONG><a name="[b1]"></a>_printf_str</STRONG> (Thumb, 82 bytes, Stack size 16 bytes, _printf_str.o(.text))
<BR><BR>[Stack]<UL><LI>Max Depth = 32<LI>Call Chain = _printf_str &rArr; _printf_post_padding
</UL>
<BR>[Calls]<UL><LI><a href="#[b3]">&gt;&gt;</a>&nbsp;&nbsp;&nbsp;_printf_post_padding
<LI><a href="#[b2]">&gt;&gt;</a>&nbsp;&nbsp;&nbsp;_printf_pre_padding
</UL>
<BR>[Called By]<UL><LI><a href="#[d9]">&gt;&gt;</a>&nbsp;&nbsp;&nbsp;_printf_cs_common
</UL>

<P><STRONG><a name="[7a]"></a>_printf_int_dec</STRONG> (Thumb, 104 bytes, Stack size 24 bytes, _printf_dec.o(.text))
<BR><BR>[Stack]<UL><LI>Max Depth = 72<LI>Call Chain = _printf_int_dec &rArr; _printf_int_common &rArr; _printf_post_padding
</UL>
<BR>[Calls]<UL><LI><a href="#[b6]">&gt;&gt;</a>&nbsp;&nbsp;&nbsp;_printf_int_common
<LI><a href="#[b5]">&gt;&gt;</a>&nbsp;&nbsp;&nbsp;_printf_truncate_unsigned
<LI><a href="#[b4]">&gt;&gt;</a>&nbsp;&nbsp;&nbsp;_printf_truncate_signed
</UL>
<BR>[Called By]<UL><LI><a href="#[7c]">&gt;&gt;</a>&nbsp;&nbsp;&nbsp;_printf_u
<LI><a href="#[7b]">&gt;&gt;</a>&nbsp;&nbsp;&nbsp;_printf_d
<LI><a href="#[79]">&gt;&gt;</a>&nbsp;&nbsp;&nbsp;_printf_i
</UL>

<P><STRONG><a name="[70]"></a>_printf_charcount</STRONG> (Thumb, 40 bytes, Stack size 0 bytes, _printf_charcount.o(.text))
<BR><BR>[Called By]<UL><LI><a href="#[6f]">&gt;&gt;</a>&nbsp;&nbsp;&nbsp;_printf_n
</UL>

<P><STRONG><a name="[b7]"></a>_printf_wctomb</STRONG> (Thumb, 182 bytes, Stack size 56 bytes, _printf_wctomb.o(.text))
<BR><BR>[Stack]<UL><LI>Max Depth = 80<LI>Call Chain = _printf_wctomb &rArr; _wcrtomb &rArr; __rt_ctype_table
</UL>
<BR>[Calls]<UL><LI><a href="#[b8]">&gt;&gt;</a>&nbsp;&nbsp;&nbsp;_wcrtomb
<LI><a href="#[b3]">&gt;&gt;</a>&nbsp;&nbsp;&nbsp;_printf_post_padding
<LI><a href="#[b2]">&gt;&gt;</a>&nbsp;&nbsp;&nbsp;_printf_pre_padding
</UL>
<BR>[Called By]<UL><LI><a href="#[db]">&gt;&gt;</a>&nbsp;&nbsp;&nbsp;_printf_lcs_common
</UL>

<P><STRONG><a name="[b9]"></a>_printf_longlong_oct</STRONG> (Thumb, 66 bytes, Stack size 8 bytes, _printf_oct_int_ll.o(.text))
<BR><BR>[Stack]<UL><LI>Max Depth = 56<LI>Call Chain = _printf_longlong_oct &rArr; _printf_int_common &rArr; _printf_post_padding
</UL>
<BR>[Calls]<UL><LI><a href="#[b6]">&gt;&gt;</a>&nbsp;&nbsp;&nbsp;_printf_int_common
</UL>
<BR>[Called By]<UL><LI><a href="#[86]">&gt;&gt;</a>&nbsp;&nbsp;&nbsp;_printf_ll_oct
<LI><a href="#[7e]">&gt;&gt;</a>&nbsp;&nbsp;&nbsp;_printf_int_oct
</UL>

<P><STRONG><a name="[7e]"></a>_printf_int_oct</STRONG> (Thumb, 24 bytes, Stack size 8 bytes, _printf_oct_int_ll.o(.text))
<BR><BR>[Stack]<UL><LI>Max Depth = 64<LI>Call Chain = _printf_int_oct &rArr; _printf_longlong_oct &rArr; _printf_int_common &rArr; _printf_post_padding
</UL>
<BR>[Calls]<UL><LI><a href="#[b9]">&gt;&gt;</a>&nbsp;&nbsp;&nbsp;_printf_longlong_oct
<LI><a href="#[b5]">&gt;&gt;</a>&nbsp;&nbsp;&nbsp;_printf_truncate_unsigned
</UL>
<BR>[Called By]<UL><LI><a href="#[7d]">&gt;&gt;</a>&nbsp;&nbsp;&nbsp;_printf_o
</UL>

<P><STRONG><a name="[86]"></a>_printf_ll_oct</STRONG> (Thumb, 12 bytes, Stack size 0 bytes, _printf_oct_int_ll.o(.text))
<BR><BR>[Stack]<UL><LI>Max Depth = 56<LI>Call Chain = _printf_ll_oct &rArr; _printf_longlong_oct &rArr; _printf_int_common &rArr; _printf_post_padding
</UL>
<BR>[Calls]<UL><LI><a href="#[b9]">&gt;&gt;</a>&nbsp;&nbsp;&nbsp;_printf_longlong_oct
</UL>
<BR>[Called By]<UL><LI><a href="#[85]">&gt;&gt;</a>&nbsp;&nbsp;&nbsp;_printf_llo
</UL>

<P><STRONG><a name="[ba]"></a>_printf_longlong_hex</STRONG> (Thumb, 86 bytes, Stack size 16 bytes, _printf_hex_int_ll_ptr.o(.text))
<BR><BR>[Stack]<UL><LI>Max Depth = 64<LI>Call Chain = _printf_longlong_hex &rArr; _printf_int_common &rArr; _printf_post_padding
</UL>
<BR>[Calls]<UL><LI><a href="#[b6]">&gt;&gt;</a>&nbsp;&nbsp;&nbsp;_printf_int_common
</UL>
<BR>[Called By]<UL><LI><a href="#[72]">&gt;&gt;</a>&nbsp;&nbsp;&nbsp;_printf_hex_ptr
<LI><a href="#[88]">&gt;&gt;</a>&nbsp;&nbsp;&nbsp;_printf_ll_hex
<LI><a href="#[80]">&gt;&gt;</a>&nbsp;&nbsp;&nbsp;_printf_int_hex
</UL>

<P><STRONG><a name="[80]"></a>_printf_int_hex</STRONG> (Thumb, 28 bytes, Stack size 16 bytes, _printf_hex_int_ll_ptr.o(.text))
<BR><BR>[Stack]<UL><LI>Max Depth = 80<LI>Call Chain = _printf_int_hex &rArr; _printf_longlong_hex &rArr; _printf_int_common &rArr; _printf_post_padding
</UL>
<BR>[Calls]<UL><LI><a href="#[ba]">&gt;&gt;</a>&nbsp;&nbsp;&nbsp;_printf_longlong_hex
<LI><a href="#[b5]">&gt;&gt;</a>&nbsp;&nbsp;&nbsp;_printf_truncate_unsigned
</UL>
<BR>[Called By]<UL><LI><a href="#[7f]">&gt;&gt;</a>&nbsp;&nbsp;&nbsp;_printf_x
</UL>

<P><STRONG><a name="[88]"></a>_printf_ll_hex</STRONG> (Thumb, 12 bytes, Stack size 0 bytes, _printf_hex_int_ll_ptr.o(.text))
<BR><BR>[Stack]<UL><LI>Max Depth = 64<LI>Call Chain = _printf_ll_hex &rArr; _printf_longlong_hex &rArr; _printf_int_common &rArr; _printf_post_padding
</UL>
<BR>[Calls]<UL><LI><a href="#[ba]">&gt;&gt;</a>&nbsp;&nbsp;&nbsp;_printf_longlong_hex
</UL>
<BR>[Called By]<UL><LI><a href="#[87]">&gt;&gt;</a>&nbsp;&nbsp;&nbsp;_printf_llx
</UL>

<P><STRONG><a name="[72]"></a>_printf_hex_ptr</STRONG> (Thumb, 18 bytes, Stack size 0 bytes, _printf_hex_int_ll_ptr.o(.text))
<BR><BR>[Stack]<UL><LI>Max Depth = 64<LI>Call Chain = _printf_hex_ptr &rArr; _printf_longlong_hex &rArr; _printf_int_common &rArr; _printf_post_padding
</UL>
<BR>[Calls]<UL><LI><a href="#[ba]">&gt;&gt;</a>&nbsp;&nbsp;&nbsp;_printf_longlong_hex
</UL>
<BR>[Called By]<UL><LI><a href="#[71]">&gt;&gt;</a>&nbsp;&nbsp;&nbsp;_printf_p
</UL>

<P><STRONG><a name="[bb]"></a>__printf</STRONG> (Thumb, 388 bytes, Stack size 40 bytes, __printf_flags_ss_wp.o(.text))
<BR><BR>[Stack]<UL><LI>Max Depth = 40 + Unknown Stack Size
<LI>Call Chain = __printf
</UL>
<BR>[Calls]<UL><LI><a href="#[bd]">&gt;&gt;</a>&nbsp;&nbsp;&nbsp;_printf_percent
<LI><a href="#[bc]">&gt;&gt;</a>&nbsp;&nbsp;&nbsp;_is_digit
</UL>
<BR>[Called By]<UL><LI><a href="#[ae]">&gt;&gt;</a>&nbsp;&nbsp;&nbsp;_printf_char_common
</UL>

<P><STRONG><a name="[14d]"></a>strstr</STRONG> (Thumb, 36 bytes, Stack size 12 bytes, strstr.o(.text))
<BR><BR>[Stack]<UL><LI>Max Depth = 12<LI>Call Chain = strstr
</UL>
<BR>[Called By]<UL><LI><a href="#[14c]">&gt;&gt;</a>&nbsp;&nbsp;&nbsp;ChkPwd
<LI><a href="#[152]">&gt;&gt;</a>&nbsp;&nbsp;&nbsp;ChkTestMode
<LI><a href="#[303]">&gt;&gt;</a>&nbsp;&nbsp;&nbsp;my_base64_decode
<LI><a href="#[2f8]">&gt;&gt;</a>&nbsp;&nbsp;&nbsp;Menu_Comm_BleServerTokenVerify
</UL>

<P><STRONG><a name="[221]"></a>memcmp</STRONG> (Thumb, 88 bytes, Stack size 8 bytes, memcmp.o(.text))
<BR><BR>[Stack]<UL><LI>Max Depth = 8<LI>Call Chain = memcmp
</UL>
<BR>[Called By]<UL><LI><a href="#[220]">&gt;&gt;</a>&nbsp;&nbsp;&nbsp;GetInputInfoMenuModPwdInputAgainFun
<LI><a href="#[3ac]">&gt;&gt;</a>&nbsp;&nbsp;&nbsp;_check_km_key_name
<LI><a href="#[28c]">&gt;&gt;</a>&nbsp;&nbsp;&nbsp;ID2_sym_op
</UL>

<P><STRONG><a name="[3b1]"></a>strlen</STRONG> (Thumb, 62 bytes, Stack size 8 bytes, strlen.o(.text))
<BR><BR>[Stack]<UL><LI>Max Depth = 8<LI>Call Chain = strlen
</UL>
<BR>[Called By]<UL><LI><a href="#[3b0]">&gt;&gt;</a>&nbsp;&nbsp;&nbsp;_id2_gen_auth_code
</UL>

<P><STRONG><a name="[c1]"></a>__aeabi_memcpy</STRONG> (Thumb, 0 bytes, Stack size 0 bytes, rt_memcpy_v6.o(.text))
<BR><BR>[Called By]<UL><LI><a href="#[1de]">&gt;&gt;</a>&nbsp;&nbsp;&nbsp;DRV_Power_HoldToRAM
<LI><a href="#[321]">&gt;&gt;</a>&nbsp;&nbsp;&nbsp;Menu_Face_BleFaceVersionGet
<LI><a href="#[31e]">&gt;&gt;</a>&nbsp;&nbsp;&nbsp;Menu_Face_BleCatEyeSN
<LI><a href="#[2a4]">&gt;&gt;</a>&nbsp;&nbsp;&nbsp;Menu_CommMsgKeyStatusMenuEnter
<LI><a href="#[204]">&gt;&gt;</a>&nbsp;&nbsp;&nbsp;Menu_RecordLockLog
<LI><a href="#[307]">&gt;&gt;</a>&nbsp;&nbsp;&nbsp;id2_client_get_id
<LI><a href="#[304]">&gt;&gt;</a>&nbsp;&nbsp;&nbsp;id2_client_decrypt
<LI><a href="#[309]">&gt;&gt;</a>&nbsp;&nbsp;&nbsp;Menu_SmartKeyMatch
<LI><a href="#[2f6]">&gt;&gt;</a>&nbsp;&nbsp;&nbsp;Menu_Comm_BleWifiSetParm1
<LI><a href="#[2ef]">&gt;&gt;</a>&nbsp;&nbsp;&nbsp;Menu_Comm_BleVerifyPhoneEncrypt
<LI><a href="#[2f8]">&gt;&gt;</a>&nbsp;&nbsp;&nbsp;Menu_Comm_BleServerTokenVerify
<LI><a href="#[2f9]">&gt;&gt;</a>&nbsp;&nbsp;&nbsp;Menu_Comm_BleServerIssueChallenge
<LI><a href="#[2dd]">&gt;&gt;</a>&nbsp;&nbsp;&nbsp;Menu_Comm_BleLockUpdateProgramMode
<LI><a href="#[2d7]">&gt;&gt;</a>&nbsp;&nbsp;&nbsp;Menu_Comm_BleLockFirmwareVersionGet
<LI><a href="#[2d1]">&gt;&gt;</a>&nbsp;&nbsp;&nbsp;Menu_Comm_BleGetMcuVersion
<LI><a href="#[2c3]">&gt;&gt;</a>&nbsp;&nbsp;&nbsp;Menu_Comm_BleEquipmentReg
<LI><a href="#[2bd]">&gt;&gt;</a>&nbsp;&nbsp;&nbsp;Menu_Comm_BleDelSmartKey
<LI><a href="#[2bc]">&gt;&gt;</a>&nbsp;&nbsp;&nbsp;Menu_Comm_BleDelPhoneAccount
<LI><a href="#[2b2]">&gt;&gt;</a>&nbsp;&nbsp;&nbsp;Menu_Comm_BleAliyunSecretKeySetParm
<LI><a href="#[2b1]">&gt;&gt;</a>&nbsp;&nbsp;&nbsp;Menu_Comm_BleAddSmartKeyAccredit
<LI><a href="#[2b0]">&gt;&gt;</a>&nbsp;&nbsp;&nbsp;Menu_Comm_BleAddPhoneAccount
<LI><a href="#[2a8]">&gt;&gt;</a>&nbsp;&nbsp;&nbsp;Menu_Comm_BleAESAddPhoneAccount
<LI><a href="#[27e]">&gt;&gt;</a>&nbsp;&nbsp;&nbsp;HAL_Storage_MatchId
<LI><a href="#[1df]">&gt;&gt;</a>&nbsp;&nbsp;&nbsp;DRV_Power_RAMToHold
<LI><a href="#[172]">&gt;&gt;</a>&nbsp;&nbsp;&nbsp;DRV_Comm_CmdSend
<LI><a href="#[191]">&gt;&gt;</a>&nbsp;&nbsp;&nbsp;MD5Update
<LI><a href="#[193]">&gt;&gt;</a>&nbsp;&nbsp;&nbsp;DRV_FaceId_GetRecvData
<LI><a href="#[18c]">&gt;&gt;</a>&nbsp;&nbsp;&nbsp;DRV_FaceId_DataAddBatch
<LI><a href="#[16f]">&gt;&gt;</a>&nbsp;&nbsp;&nbsp;DRV_Comm_GetRecvData
<LI><a href="#[1d1]">&gt;&gt;</a>&nbsp;&nbsp;&nbsp;EFLASH_Write
<LI><a href="#[43a]">&gt;&gt;</a>&nbsp;&nbsp;&nbsp;irot_hal_sym_crypto
<LI><a href="#[436]">&gt;&gt;</a>&nbsp;&nbsp;&nbsp;irot_hal_get_id2
<LI><a href="#[3e3]">&gt;&gt;</a>&nbsp;&nbsp;&nbsp;se_transmit
<LI><a href="#[430]">&gt;&gt;</a>&nbsp;&nbsp;&nbsp;impl_sha256_update
<LI><a href="#[390]">&gt;&gt;</a>&nbsp;&nbsp;&nbsp;USBDev_Data_BulkIn
<LI><a href="#[391]">&gt;&gt;</a>&nbsp;&nbsp;&nbsp;enum_realDisk
<LI><a href="#[39a]">&gt;&gt;</a>&nbsp;&nbsp;&nbsp;VendorWriteData
<LI><a href="#[416]">&gt;&gt;</a>&nbsp;&nbsp;&nbsp;frameSetPack
<LI><a href="#[3de]">&gt;&gt;</a>&nbsp;&nbsp;&nbsp;apdu_get_ID
<LI><a href="#[28e]">&gt;&gt;</a>&nbsp;&nbsp;&nbsp;decrypt_ID2_Key
<LI><a href="#[292]">&gt;&gt;</a>&nbsp;&nbsp;&nbsp;aes_encrypt_cbc1
<LI><a href="#[293]">&gt;&gt;</a>&nbsp;&nbsp;&nbsp;aes_decrypt_cbc1
<LI><a href="#[28c]">&gt;&gt;</a>&nbsp;&nbsp;&nbsp;ID2_sym_op
<LI><a href="#[3e9]">&gt;&gt;</a>&nbsp;&nbsp;&nbsp;hal_tsi_rememberConfiguration
<LI><a href="#[3ec]">&gt;&gt;</a>&nbsp;&nbsp;&nbsp;hal_tsi_loadCbaseCoarse
<LI><a href="#[3f1]">&gt;&gt;</a>&nbsp;&nbsp;&nbsp;hal_algorithm_filter_NormalDistribution
<LI><a href="#[c0]">&gt;&gt;</a>&nbsp;&nbsp;&nbsp;__rt_memmove
</UL>

<P><STRONG><a name="[be]"></a>__rt_memcpy</STRONG> (Thumb, 138 bytes, Stack size 0 bytes, rt_memcpy_v6.o(.text), UNUSED)
<BR><BR>[Calls]<UL><LI><a href="#[bf]">&gt;&gt;</a>&nbsp;&nbsp;&nbsp;__aeabi_memcpy4
</UL>

<P><STRONG><a name="[48c]"></a>_memcpy_lastbytes</STRONG> (Thumb, 0 bytes, Stack size unknown bytes, rt_memcpy_v6.o(.text), UNUSED)

<P><STRONG><a name="[28d]"></a>__aeabi_memmove</STRONG> (Thumb, 0 bytes, Stack size 0 bytes, rt_memmove_v6.o(.text))
<BR><BR>[Called By]<UL><LI><a href="#[28c]">&gt;&gt;</a>&nbsp;&nbsp;&nbsp;ID2_sym_op
</UL>

<P><STRONG><a name="[c0]"></a>__rt_memmove</STRONG> (Thumb, 132 bytes, Stack size 0 bytes, rt_memmove_v6.o(.text), UNUSED)
<BR><BR>[Calls]<UL><LI><a href="#[c1]">&gt;&gt;</a>&nbsp;&nbsp;&nbsp;__aeabi_memcpy
<LI><a href="#[c2]">&gt;&gt;</a>&nbsp;&nbsp;&nbsp;__memmove_aligned
</UL>

<P><STRONG><a name="[48d]"></a>__memmove_lastfew</STRONG> (Thumb, 0 bytes, Stack size unknown bytes, rt_memmove_v6.o(.text), UNUSED)

<P><STRONG><a name="[bf]"></a>__aeabi_memcpy4</STRONG> (Thumb, 0 bytes, Stack size 8 bytes, rt_memcpy_w.o(.text))
<BR><BR>[Stack]<UL><LI>Max Depth = 8<LI>Call Chain = __aeabi_memcpy4
</UL>
<BR>[Called By]<UL><LI><a href="#[131]">&gt;&gt;</a>&nbsp;&nbsp;&nbsp;HAL_RTC_TimeGetStm
<LI><a href="#[272]">&gt;&gt;</a>&nbsp;&nbsp;&nbsp;HAL_RTC_GetTick
<LI><a href="#[29d]">&gt;&gt;</a>&nbsp;&nbsp;&nbsp;Menu_CheckTimeVaild
<LI><a href="#[204]">&gt;&gt;</a>&nbsp;&nbsp;&nbsp;Menu_RecordLockLog
<LI><a href="#[303]">&gt;&gt;</a>&nbsp;&nbsp;&nbsp;my_base64_decode
<LI><a href="#[2ec]">&gt;&gt;</a>&nbsp;&nbsp;&nbsp;Menu_Comm_BleTimeSync
<LI><a href="#[1eb]">&gt;&gt;</a>&nbsp;&nbsp;&nbsp;RTC_GuoXin2Date
<LI><a href="#[399]">&gt;&gt;</a>&nbsp;&nbsp;&nbsp;USBDev_RequestSense
<LI><a href="#[396]">&gt;&gt;</a>&nbsp;&nbsp;&nbsp;USBDev_Inquiry
<LI><a href="#[3a0]">&gt;&gt;</a>&nbsp;&nbsp;&nbsp;USBDev_TestMode
<LI><a href="#[289]">&gt;&gt;</a>&nbsp;&nbsp;&nbsp;SHA_Init_Algo
<LI><a href="#[28c]">&gt;&gt;</a>&nbsp;&nbsp;&nbsp;ID2_sym_op
<LI><a href="#[3e7]">&gt;&gt;</a>&nbsp;&nbsp;&nbsp;hal_tsi_adjustRegister
<LI><a href="#[a5]">&gt;&gt;</a>&nbsp;&nbsp;&nbsp;cm_backtrace_fault
<LI><a href="#[be]">&gt;&gt;</a>&nbsp;&nbsp;&nbsp;__rt_memcpy
<LI><a href="#[dc]">&gt;&gt;</a>&nbsp;&nbsp;&nbsp;__rt_memmove_w
</UL>

<P><STRONG><a name="[48e]"></a>__aeabi_memcpy8</STRONG> (Thumb, 0 bytes, Stack size 8 bytes, rt_memcpy_w.o(.text), UNUSED)

<P><STRONG><a name="[48f]"></a>__rt_memcpy_w</STRONG> (Thumb, 100 bytes, Stack size 8 bytes, rt_memcpy_w.o(.text), UNUSED)

<P><STRONG><a name="[490]"></a>_memcpy_lastbytes_aligned</STRONG> (Thumb, 0 bytes, Stack size unknown bytes, rt_memcpy_w.o(.text), UNUSED)

<P><STRONG><a name="[c3]"></a>__aeabi_memset</STRONG> (Thumb, 16 bytes, Stack size 0 bytes, aeabi_memset.o(.text))
<BR><BR>[Calls]<UL><LI><a href="#[c4]">&gt;&gt;</a>&nbsp;&nbsp;&nbsp;_memset
</UL>
<BR>[Called By]<UL><LI><a href="#[13b]">&gt;&gt;</a>&nbsp;&nbsp;&nbsp;Menu_KeyDealService
<LI><a href="#[2a4]">&gt;&gt;</a>&nbsp;&nbsp;&nbsp;Menu_CommMsgKeyStatusMenuEnter
<LI><a href="#[21f]">&gt;&gt;</a>&nbsp;&nbsp;&nbsp;GetInputInfoMenuModPwdFun
<LI><a href="#[150]">&gt;&gt;</a>&nbsp;&nbsp;&nbsp;ChkPwdTmp
<LI><a href="#[40b]">&gt;&gt;</a>&nbsp;&nbsp;&nbsp;fn_WhenEnterMenuOperation
<LI><a href="#[24c]">&gt;&gt;</a>&nbsp;&nbsp;&nbsp;HAL_FaceId_PowerDeal
<LI><a href="#[28c]">&gt;&gt;</a>&nbsp;&nbsp;&nbsp;ID2_sym_op
<LI><a href="#[3e7]">&gt;&gt;</a>&nbsp;&nbsp;&nbsp;hal_tsi_adjustRegister
</UL>

<P><STRONG><a name="[c8]"></a>__aeabi_memclr</STRONG> (Thumb, 0 bytes, Stack size 0 bytes, rt_memclr.o(.text))
<BR><BR>[Called By]<UL><LI><a href="#[11e]">&gt;&gt;</a>&nbsp;&nbsp;&nbsp;id2_client_init
<LI><a href="#[128]">&gt;&gt;</a>&nbsp;&nbsp;&nbsp;HAL_Storage_ChkSysData
<LI><a href="#[328]">&gt;&gt;</a>&nbsp;&nbsp;&nbsp;Menu_Face_Desktop
<LI><a href="#[327]">&gt;&gt;</a>&nbsp;&nbsp;&nbsp;Menu_Face_DelGeneralFace
<LI><a href="#[31e]">&gt;&gt;</a>&nbsp;&nbsp;&nbsp;Menu_Face_BleCatEyeSN
<LI><a href="#[31b]">&gt;&gt;</a>&nbsp;&nbsp;&nbsp;Menu_Face_BleAddFaceIng
<LI><a href="#[317]">&gt;&gt;</a>&nbsp;&nbsp;&nbsp;Menu_Face_AddFaceIng
<LI><a href="#[315]">&gt;&gt;</a>&nbsp;&nbsp;&nbsp;Menu_WifiLockLogUpdata
<LI><a href="#[316]">&gt;&gt;</a>&nbsp;&nbsp;&nbsp;Menu_WifiCmdAlarmUpdata
<LI><a href="#[33c]">&gt;&gt;</a>&nbsp;&nbsp;&nbsp;Menu_Finger_VerifyOk
<LI><a href="#[332]">&gt;&gt;</a>&nbsp;&nbsp;&nbsp;Menu_Finger_BleAddFingerStep
<LI><a href="#[2c4]">&gt;&gt;</a>&nbsp;&nbsp;&nbsp;Menu_GetchannelPwd
<LI><a href="#[275]">&gt;&gt;</a>&nbsp;&nbsp;&nbsp;HAL_Storage_ClearSysData
<LI><a href="#[40b]">&gt;&gt;</a>&nbsp;&nbsp;&nbsp;fn_WhenEnterMenuOperation
<LI><a href="#[309]">&gt;&gt;</a>&nbsp;&nbsp;&nbsp;Menu_SmartKeyMatch
<LI><a href="#[2ef]">&gt;&gt;</a>&nbsp;&nbsp;&nbsp;Menu_Comm_BleVerifyPhoneEncrypt
<LI><a href="#[2f3]">&gt;&gt;</a>&nbsp;&nbsp;&nbsp;Menu_Comm_BleTmpeSecretKeyGet
<LI><a href="#[2f4]">&gt;&gt;</a>&nbsp;&nbsp;&nbsp;Menu_Comm_BleTestServerConnectionStatus
<LI><a href="#[2e8]">&gt;&gt;</a>&nbsp;&nbsp;&nbsp;Menu_Comm_BleQueryLockConfigTable
<LI><a href="#[2d7]">&gt;&gt;</a>&nbsp;&nbsp;&nbsp;Menu_Comm_BleLockFirmwareVersionGet
<LI><a href="#[2d0]">&gt;&gt;</a>&nbsp;&nbsp;&nbsp;Menu_Comm_BleGetEventRecords
<LI><a href="#[2cd]">&gt;&gt;</a>&nbsp;&nbsp;&nbsp;Menu_Comm_BleFingerAttributeModify
<LI><a href="#[2c5]">&gt;&gt;</a>&nbsp;&nbsp;&nbsp;Menu_Comm_BleFaceAttributeModify
<LI><a href="#[2bd]">&gt;&gt;</a>&nbsp;&nbsp;&nbsp;Menu_Comm_BleDelSmartKey
<LI><a href="#[2bc]">&gt;&gt;</a>&nbsp;&nbsp;&nbsp;Menu_Comm_BleDelPhoneAccount
<LI><a href="#[2b2]">&gt;&gt;</a>&nbsp;&nbsp;&nbsp;Menu_Comm_BleAliyunSecretKeySetParm
<LI><a href="#[2b1]">&gt;&gt;</a>&nbsp;&nbsp;&nbsp;Menu_Comm_BleAddSmartKeyAccredit
<LI><a href="#[2b0]">&gt;&gt;</a>&nbsp;&nbsp;&nbsp;Menu_Comm_BleAddPhoneAccount
<LI><a href="#[2a9]">&gt;&gt;</a>&nbsp;&nbsp;&nbsp;Menu_Comm_BleAESTmpeSecretKeyGet
<LI><a href="#[2a8]">&gt;&gt;</a>&nbsp;&nbsp;&nbsp;Menu_Comm_BleAESAddPhoneAccount
<LI><a href="#[252]">&gt;&gt;</a>&nbsp;&nbsp;&nbsp;HAL_FaceId_VerifyUser
<LI><a href="#[24a]">&gt;&gt;</a>&nbsp;&nbsp;&nbsp;HAL_FaceId_GetVersion
<LI><a href="#[244]">&gt;&gt;</a>&nbsp;&nbsp;&nbsp;HAL_FaceId_DelOneUser
<LI><a href="#[243]">&gt;&gt;</a>&nbsp;&nbsp;&nbsp;HAL_FaceId_DelAllUser
<LI><a href="#[238]">&gt;&gt;</a>&nbsp;&nbsp;&nbsp;HAL_FaceId_AddUser
<LI><a href="#[314]">&gt;&gt;</a>&nbsp;&nbsp;&nbsp;Menu_FaceWifiDeal
<LI><a href="#[23a]">&gt;&gt;</a>&nbsp;&nbsp;&nbsp;HAL_FaceId_Cmd
<LI><a href="#[170]">&gt;&gt;</a>&nbsp;&nbsp;&nbsp;DRV_Comm_ClearRxPar
<LI><a href="#[171]">&gt;&gt;</a>&nbsp;&nbsp;&nbsp;DRV_Comm_ClearTxPar
<LI><a href="#[3b0]">&gt;&gt;</a>&nbsp;&nbsp;&nbsp;_id2_gen_auth_code
<LI><a href="#[28c]">&gt;&gt;</a>&nbsp;&nbsp;&nbsp;ID2_sym_op
<LI><a href="#[3e9]">&gt;&gt;</a>&nbsp;&nbsp;&nbsp;hal_tsi_rememberConfiguration
<LI><a href="#[3e8]">&gt;&gt;</a>&nbsp;&nbsp;&nbsp;hal_tsi_configInitStruct
<LI><a href="#[c7]">&gt;&gt;</a>&nbsp;&nbsp;&nbsp;strncpy
</UL>

<P><STRONG><a name="[c5]"></a>__rt_memclr</STRONG> (Thumb, 68 bytes, Stack size 0 bytes, rt_memclr.o(.text), UNUSED)
<BR><BR>[Calls]<UL><LI><a href="#[c6]">&gt;&gt;</a>&nbsp;&nbsp;&nbsp;_memset_w
</UL>

<P><STRONG><a name="[c4]"></a>_memset</STRONG> (Thumb, 0 bytes, Stack size unknown bytes, rt_memclr.o(.text))
<BR><BR>[Called By]<UL><LI><a href="#[c3]">&gt;&gt;</a>&nbsp;&nbsp;&nbsp;__aeabi_memset
</UL>

<P><STRONG><a name="[186]"></a>__aeabi_memclr4</STRONG> (Thumb, 0 bytes, Stack size 4 bytes, rt_memclr_w.o(.text))
<BR><BR>[Stack]<UL><LI>Max Depth = 4<LI>Call Chain = __aeabi_memclr4
</UL>
<BR>[Called By]<UL><LI><a href="#[ef]">&gt;&gt;</a>&nbsp;&nbsp;&nbsp;HAL_Comm_Init
<LI><a href="#[11d]">&gt;&gt;</a>&nbsp;&nbsp;&nbsp;Function_SysRamInit
<LI><a href="#[278]">&gt;&gt;</a>&nbsp;&nbsp;&nbsp;HAL_Storage_DelNUserReg
<LI><a href="#[204]">&gt;&gt;</a>&nbsp;&nbsp;&nbsp;Menu_RecordLockLog
<LI><a href="#[27b]">&gt;&gt;</a>&nbsp;&nbsp;&nbsp;HAL_Storage_DelOneUserReg
<LI><a href="#[22b]">&gt;&gt;</a>&nbsp;&nbsp;&nbsp;HAL_Comm_Send
<LI><a href="#[22f]">&gt;&gt;</a>&nbsp;&nbsp;&nbsp;HAL_Comm_CealrSend
<LI><a href="#[22e]">&gt;&gt;</a>&nbsp;&nbsp;&nbsp;HAL_Comm_CealrRecv
<LI><a href="#[309]">&gt;&gt;</a>&nbsp;&nbsp;&nbsp;Menu_SmartKeyMatch
<LI><a href="#[2f8]">&gt;&gt;</a>&nbsp;&nbsp;&nbsp;Menu_Comm_BleServerTokenVerify
<LI><a href="#[2f9]">&gt;&gt;</a>&nbsp;&nbsp;&nbsp;Menu_Comm_BleServerIssueChallenge
<LI><a href="#[238]">&gt;&gt;</a>&nbsp;&nbsp;&nbsp;HAL_FaceId_AddUser
<LI><a href="#[1b3]">&gt;&gt;</a>&nbsp;&nbsp;&nbsp;DRV_Finger_Store
<LI><a href="#[1ab]">&gt;&gt;</a>&nbsp;&nbsp;&nbsp;DRV_Finger_GenImg
<LI><a href="#[1fa]">&gt;&gt;</a>&nbsp;&nbsp;&nbsp;DRV_Voice_Play
<LI><a href="#[18f]">&gt;&gt;</a>&nbsp;&nbsp;&nbsp;DRV_FaceId_GetAesKey
<LI><a href="#[185]">&gt;&gt;</a>&nbsp;&nbsp;&nbsp;DRV_FaceId_ClearRxPar
<LI><a href="#[3c7]">&gt;&gt;</a>&nbsp;&nbsp;&nbsp;aes_encrypt
<LI><a href="#[3c1]">&gt;&gt;</a>&nbsp;&nbsp;&nbsp;aes_decrypt
<LI><a href="#[1b4]">&gt;&gt;</a>&nbsp;&nbsp;&nbsp;DRV_IR_ClearRxPar
<LI><a href="#[3aa]">&gt;&gt;</a>&nbsp;&nbsp;&nbsp;W25QXX_Write_WithCheck
<LI><a href="#[3ba]">&gt;&gt;</a>&nbsp;&nbsp;&nbsp;id2_log_hex_dump
<LI><a href="#[3b0]">&gt;&gt;</a>&nbsp;&nbsp;&nbsp;_id2_gen_auth_code
<LI><a href="#[3e2]">&gt;&gt;</a>&nbsp;&nbsp;&nbsp;chip_log_hex_dump
<LI><a href="#[42e]">&gt;&gt;</a>&nbsp;&nbsp;&nbsp;impl_sha256_init
<LI><a href="#[3e7]">&gt;&gt;</a>&nbsp;&nbsp;&nbsp;hal_tsi_adjustRegister
<LI><a href="#[3fd]">&gt;&gt;</a>&nbsp;&nbsp;&nbsp;print_call_stack
</UL>

<P><STRONG><a name="[491]"></a>__aeabi_memclr8</STRONG> (Thumb, 0 bytes, Stack size 4 bytes, rt_memclr_w.o(.text), UNUSED)

[...]
<BR><BR>[Stack]<UL><LI>Max Depth = 176 + Unknown Stack Size
<LI>Call Chain = _dump_id2_conf_info &rArr; ls_osa_print &rArr; __2printf &rArr; _printf_char_file &rArr; _printf_char_common &rArr; __printf
</UL>
<BR>[Calls]<UL><LI><a href="#[3ae]">&gt;&gt;</a>&nbsp;&nbsp;&nbsp;ls_osa_print
</UL>
<BR>[Called By]<UL><LI><a href="#[11e]">&gt;&gt;</a>&nbsp;&nbsp;&nbsp;id2_client_init
</UL>

<P><STRONG><a name="[3b0]"></a>_id2_gen_auth_code</STRONG> (Thumb, 780 bytes, Stack size 152 bytes, id2_client.o(i._id2_gen_auth_code))
<BR><BR>[Stack]<UL><LI>Max Depth = 1476 + Unknown Stack Size
<LI>Call Chain = _id2_gen_auth_code &rArr; _id2_sign &rArr; _id2_sym_cipher &rArr; km_cipher &rArr; irot_hal_sym_crypto &rArr; apdu_transmit_wrap &rArr; se_transmit &rArr; apdu_sym_op &rArr; ID2_sym_op &rArr; aes_encrypt_cbc1 &rArr; Aesop &rArr; EDMAC_2ALG &rArr; set_edmac_new
</UL>
<BR>[Calls]<UL><LI><a href="#[307]">&gt;&gt;</a>&nbsp;&nbsp;&nbsp;id2_client_get_id
<LI><a href="#[3ae]">&gt;&gt;</a>&nbsp;&nbsp;&nbsp;ls_osa_print
<LI><a href="#[3b4]">&gt;&gt;</a>&nbsp;&nbsp;&nbsp;ls_osa_malloc
<LI><a href="#[3b7]">&gt;&gt;</a>&nbsp;&nbsp;&nbsp;ls_osa_free
<LI><a href="#[3b2]">&gt;&gt;</a>&nbsp;&nbsp;&nbsp;id2_plat_get_random
<LI><a href="#[3b6]">&gt;&gt;</a>&nbsp;&nbsp;&nbsp;id2_plat_base64_encode
<LI><a href="#[3b5]">&gt;&gt;</a>&nbsp;&nbsp;&nbsp;_id2_sign
<LI><a href="#[3b3]">&gt;&gt;</a>&nbsp;&nbsp;&nbsp;ls_osa_snprintf
<LI><a href="#[186]">&gt;&gt;</a>&nbsp;&nbsp;&nbsp;__aeabi_memclr4
<LI><a href="#[c8]">&gt;&gt;</a>&nbsp;&nbsp;&nbsp;__aeabi_memclr
<LI><a href="#[3b1]">&gt;&gt;</a>&nbsp;&nbsp;&nbsp;strlen
</UL>
<BR>[Called By]<UL><LI><a href="#[302]">&gt;&gt;</a>&nbsp;&nbsp;&nbsp;id2_client_get_challenge_auth_code
</UL>

<P><STRONG><a name="[3b8]"></a>_id2_hash</STRONG> (Thumb, 52 bytes, Stack size 32 bytes, id2_client.o(i._id2_hash))
<BR><BR>[Stack]<UL><LI>Max Depth = 496 + Unknown Stack Size
<LI>Call Chain = _id2_hash &rArr; id2_plat_hash_sum &rArr; ali_sha256_final &rArr; ls_hal_sha256_finish &rArr; impl_sha256_finish &rArr; impl_sha256_update &rArr; impl_sha256_process
</UL>
<BR>[Calls]<UL><LI><a href="#[3b9]">&gt;&gt;</a>&nbsp;&nbsp;&nbsp;id2_plat_hash_sum
</UL>
<BR>[Called By]<UL><LI><a href="#[3b5]">&gt;&gt;</a>&nbsp;&nbsp;&nbsp;_id2_sign
</UL>

<P><STRONG><a name="[3b5]"></a>_id2_sign</STRONG> (Thumb, 158 bytes, Stack size 144 bytes, id2_client.o(i._id2_sign))
<BR><BR>[Stack]<UL><LI>Max Depth = 1324 + Unknown Stack Size
<LI>Call Chain = _id2_sign &rArr; _id2_sym_cipher &rArr; km_cipher &rArr; irot_hal_sym_crypto &rArr; apdu_transmit_wrap &rArr; se_transmit &rArr; apdu_sym_op &rArr; ID2_sym_op &rArr; aes_encrypt_cbc1 &rArr; Aesop &rArr; EDMAC_2ALG &rArr; set_edmac_new
</UL>
<BR>[Calls]<UL><LI><a href="#[3ae]">&gt;&gt;</a>&nbsp;&nbsp;&nbsp;ls_osa_print
<LI><a href="#[3ba]">&gt;&gt;</a>&nbsp;&nbsp;&nbsp;id2_log_hex_dump
<LI><a href="#[3bb]">&gt;&gt;</a>&nbsp;&nbsp;&nbsp;_id2_sym_cipher
<LI><a href="#[3b8]">&gt;&gt;</a>&nbsp;&nbsp;&nbsp;_id2_hash
</UL>
<BR>[Called By]<UL><LI><a href="#[3b0]">&gt;&gt;</a>&nbsp;&nbsp;&nbsp;_id2_gen_auth_code
</UL>

<P><STRONG><a name="[3bb]"></a>_id2_sym_cipher</STRONG> (Thumb, 306 bytes, Stack size 64 bytes, id2_client.o(i._id2_sym_cipher))
<BR><BR>[Stack]<UL><LI>Max Depth = 1180 + Unknown Stack Size
<LI>Call Chain = _id2_sym_cipher &rArr; km_cipher &rArr; irot_hal_sym_crypto &rArr; apdu_transmit_wrap &rArr; se_transmit &rArr; apdu_sym_op &rArr; ID2_sym_op &rArr; aes_encrypt_cbc1 &rArr; Aesop &rArr; EDMAC_2ALG &rArr; set_edmac_new
</UL>
<BR>[Calls]<UL><LI><a href="#[3ae]">&gt;&gt;</a>&nbsp;&nbsp;&nbsp;ls_osa_print
<LI><a href="#[3bc]">&gt;&gt;</a>&nbsp;&nbsp;&nbsp;km_cipher
<LI><a href="#[3ba]">&gt;&gt;</a>&nbsp;&nbsp;&nbsp;id2_log_hex_dump
</UL>
<BR>[Called By]<UL><LI><a href="#[304]">&gt;&gt;</a>&nbsp;&nbsp;&nbsp;id2_client_decrypt
<LI><a href="#[3b5]">&gt;&gt;</a>&nbsp;&nbsp;&nbsp;_id2_sign
</UL>

<P><STRONG><a name="[3ac]"></a>_check_km_key_name</STRONG> (Thumb, 36 bytes, Stack size 16 bytes, km_to_irot.o(i._check_km_key_name))
<BR><BR>[Stack]<UL><LI>Max Depth = 24<LI>Call Chain = _check_km_key_name &rArr; memcmp
</UL>
<BR>[Calls]<UL><LI><a href="#[221]">&gt;&gt;</a>&nbsp;&nbsp;&nbsp;memcmp
</UL>
<BR>[Called By]<UL><LI><a href="#[3bc]">&gt;&gt;</a>&nbsp;&nbsp;&nbsp;km_cipher
</UL>

<P><STRONG><a name="[3ad]"></a>_dump_chip_conf_info</STRONG> (Thumb, 40 bytes, Stack size 8 bytes, km_to_irot.o(i._dump_chip_conf_info))
<BR><BR>[Stack]<UL><LI>Max Depth = 176 + Unknown Stack Size
<LI>Call Chain = _dump_chip_conf_info &rArr; ls_osa_print &rArr; __2printf &rArr; _printf_char_file &rArr; _printf_char_common &rArr; __printf
</UL>
<BR>[Calls]<UL><LI><a href="#[3ae]">&gt;&gt;</a>&nbsp;&nbsp;&nbsp;ls_osa_print
</UL>
<BR>[Called By]<UL><LI><a href="#[42c]">&gt;&gt;</a>&nbsp;&nbsp;&nbsp;km_init
</UL>

<P><STRONG><a name="[3c0]"></a>_crypt_rand_word</STRONG> (Thumb, 18 bytes, Stack size 0 bytes, ls_hal_rand.o(i._crypt_rand_word))
<BR><BR>[Called By]<UL><LI><a href="#[3bf]">&gt;&gt;</a>&nbsp;&nbsp;&nbsp;_rand_gen
</UL>

<P><STRONG><a name="[3bf]"></a>_rand_gen</STRONG> (Thumb, 50 bytes, Stack size 24 bytes, ls_hal_rand.o(i._rand_gen))
<BR><BR>[Stack]<UL><LI>Max Depth = 24<LI>Call Chain = _rand_gen
</UL>
<BR>[Calls]<UL><LI><a href="#[3c0]">&gt;&gt;</a>&nbsp;&nbsp;&nbsp;_crypt_rand_word
</UL>
<BR>[Called By]<UL><LI><a href="#[3d3]">&gt;&gt;</a>&nbsp;&nbsp;&nbsp;ls_hal_get_random
</UL>

<P><STRONG><a name="[433]"></a>zeroize</STRONG> (Thumb, 22 bytes, Stack size 8 bytes, sha256.o(i.zeroize))
<BR><BR>[Stack]<UL><LI>Max Depth = 8<LI>Call Chain = zeroize
</UL>
<BR>[Called By]<UL><LI><a href="#[432]">&gt;&gt;</a>&nbsp;&nbsp;&nbsp;impl_sha256_free
</UL>

<P><STRONG><a name="[3e1]"></a>apdu_transmit_wrap</STRONG> (Thumb, 300 bytes, Stack size 40 bytes, std_se_adapter.o(i.apdu_transmit_wrap))
<BR><BR>[Stack]<UL><LI>Max Depth = 460 + Unknown Stack Size
<LI>Call Chain = apdu_transmit_wrap &rArr; se_transmit &rArr; apdu_sym_op &rArr; ID2_sym_op &rArr; aes_encrypt_cbc1 &rArr; Aesop &rArr; EDMAC_2ALG &rArr; set_edmac_new
</UL>
<BR>[Calls]<UL><LI><a href="#[3ae]">&gt;&gt;</a>&nbsp;&nbsp;&nbsp;ls_osa_print
<LI><a href="#[3e2]">&gt;&gt;</a>&nbsp;&nbsp;&nbsp;chip_log_hex_dump
<LI><a href="#[3e3]">&gt;&gt;</a>&nbsp;&nbsp;&nbsp;se_transmit
</UL>
<BR>[Called By]<UL><LI><a href="#[43a]">&gt;&gt;</a>&nbsp;&nbsp;&nbsp;irot_hal_sym_crypto
<LI><a href="#[436]">&gt;&gt;</a>&nbsp;&nbsp;&nbsp;irot_hal_get_id2
</UL>

<P><STRONG><a name="[437]"></a>open_session</STRONG> (Thumb, 44 bytes, Stack size 16 bytes, std_se_adapter.o(i.open_session))
<BR><BR>[Stack]<UL><LI>Max Depth = 184 + Unknown Stack Size
<LI>Call Chain = open_session &rArr; ls_osa_print &rArr; __2printf &rArr; _printf_char_file &rArr; _printf_char_common &rArr; __printf
</UL>
<BR>[Calls]<UL><LI><a href="#[3ae]">&gt;&gt;</a>&nbsp;&nbsp;&nbsp;ls_osa_print
<LI><a href="#[43b]">&gt;&gt;</a>&nbsp;&nbsp;&nbsp;se_open_session
</UL>
<BR>[Called By]<UL><LI><a href="#[439]">&gt;&gt;</a>&nbsp;&nbsp;&nbsp;irot_hal_init
<LI><a href="#[436]">&gt;&gt;</a>&nbsp;&nbsp;&nbsp;irot_hal_get_id2
</UL>

<P><STRONG><a name="[438]"></a>select_application</STRONG> (Thumb, 6 bytes, Stack size 0 bytes, std_se_adapter.o(i.select_application))
<BR><BR>[Called By]<UL><LI><a href="#[43a]">&gt;&gt;</a>&nbsp;&nbsp;&nbsp;irot_hal_sym_crypto
<LI><a href="#[439]">&gt;&gt;</a>&nbsp;&nbsp;&nbsp;irot_hal_init
<LI><a href="#[436]">&gt;&gt;</a>&nbsp;&nbsp;&nbsp;irot_hal_get_id2
</UL>

<P><STRONG><a name="[20c]"></a>FLASH_checkAddr</STRONG> (Thumb, 34 bytes, Stack size 0 bytes, eflash_drv.o(i.FLASH_checkAddr))
<BR><BR>[Called By]<UL><LI><a href="#[1d1]">&gt;&gt;</a>&nbsp;&nbsp;&nbsp;EFLASH_Write
</UL>

<P><STRONG><a name="[20f]"></a>EPORT_IRQHandler</STRONG> (Thumb, 130 bytes, Stack size 16 bytes, eport_drv.o(i.EPORT_IRQHandler))
<BR><BR>[Stack]<UL><LI>Max Depth = 184 + Unknown Stack Size
<LI>Call Chain = EPORT_IRQHandler &rArr; DRV_Alarm_InterrptService &rArr; EPORT_ReadGpioData &rArr; assert_failed &rArr; __2printf &rArr; _printf_char_file &rArr; _printf_char_common &rArr; __printf
</UL>
<BR>[Calls]<UL><LI><a href="#[15b]">&gt;&gt;</a>&nbsp;&nbsp;&nbsp;DRV_Alarm_InterrptService
<LI><a href="#[211]">&gt;&gt;</a>&nbsp;&nbsp;&nbsp;DRV_Power_ReuseInterrptService
<LI><a href="#[af]">&gt;&gt;</a>&nbsp;&nbsp;&nbsp;__2printf
</UL>
<BR>[Called By]<UL><LI><a href="#[4a]">&gt;&gt;</a>&nbsp;&nbsp;&nbsp;EPORT1_7_IRQHandler
<LI><a href="#[49]">&gt;&gt;</a>&nbsp;&nbsp;&nbsp;EPORT1_6_IRQHandler
<LI><a href="#[48]">&gt;&gt;</a>&nbsp;&nbsp;&nbsp;EPORT1_5_IRQHandler
<LI><a href="#[47]">&gt;&gt;</a>&nbsp;&nbsp;&nbsp;EPORT1_4_IRQHandler
<LI><a href="#[46]">&gt;&gt;</a>&nbsp;&nbsp;&nbsp;EPORT1_3_IRQHandler
<LI><a href="#[45]">&gt;&gt;</a>&nbsp;&nbsp;&nbsp;EPORT1_2_IRQHandler
<LI><a href="#[44]">&gt;&gt;</a>&nbsp;&nbsp;&nbsp;EPORT1_1_IRQHandler
<LI><a href="#[43]">&gt;&gt;</a>&nbsp;&nbsp;&nbsp;EPORT1_0_IRQHandler
<LI><a href="#[42]">&gt;&gt;</a>&nbsp;&nbsp;&nbsp;EPORT0_7_IRQHandler
<LI><a href="#[41]">&gt;&gt;</a>&nbsp;&nbsp;&nbsp;EPORT0_6_IRQHandler
<LI><a href="#[40]">&gt;&gt;</a>&nbsp;&nbsp;&nbsp;EPORT0_5_IRQHandler
<LI><a href="#[3f]">&gt;&gt;</a>&nbsp;&nbsp;&nbsp;EPORT0_4_IRQHandler
<LI><a href="#[3e]">&gt;&gt;</a>&nbsp;&nbsp;&nbsp;EPORT0_3_IRQHandler
<LI><a href="#[3d]">&gt;&gt;</a>&nbsp;&nbsp;&nbsp;EPORT0_2_IRQHandler
<LI><a href="#[3c]">&gt;&gt;</a>&nbsp;&nbsp;&nbsp;EPORT0_1_IRQHandler
<LI><a href="#[3b]">&gt;&gt;</a>&nbsp;&nbsp;&nbsp;EPORT0_0_IRQHandler
</UL>

<P><STRONG><a name="[287]"></a>I2C_ISR</STRONG> (Thumb, 248 bytes, Stack size 8 bytes, i2c_drv.o(i.I2C_ISR))
<BR><BR>[Stack]<UL><LI>Max Depth = 8<LI>Call Chain = I2C_ISR
</UL>
<BR>[Called By]<UL><LI><a href="#[4e]">&gt;&gt;</a>&nbsp;&nbsp;&nbsp;I2C3_IRQHandler
<LI><a href="#[4d]">&gt;&gt;</a>&nbsp;&nbsp;&nbsp;I2C2_IRQHandler
<LI><a href="#[36]">&gt;&gt;</a>&nbsp;&nbsp;&nbsp;I2C1_IRQHandler
</UL>

<P><STRONG><a name="[34d]"></a>Nvram_Init_Key</STRONG> (Thumb, 20 bytes, Stack size 0 bytes, pci_drv.o(i.Nvram_Init_Key))
<BR><BR>[Called By]<UL><LI><a href="#[1ec]">&gt;&gt;</a>&nbsp;&nbsp;&nbsp;Nvram_Init
</UL>

<P><STRONG><a name="[352]"></a>PCI_Clk_Init_Key</STRONG> (Thumb, 20 bytes, Stack size 0 bytes, pci_drv.o(i.PCI_Clk_Init_Key))
<BR><BR>[Called By]<UL><LI><a href="#[1c0]">&gt;&gt;</a>&nbsp;&nbsp;&nbsp;PCI_Init
</UL>

<P><STRONG><a name="[351]"></a>PCI_Init_Key</STRONG> (Thumb, 18 bytes, Stack size 0 bytes, pci_drv.o(i.PCI_Init_Key))
<BR><BR>[Called By]<UL><LI><a href="#[1c0]">&gt;&gt;</a>&nbsp;&nbsp;&nbsp;PCI_Init
</UL>

<P><STRONG><a name="[143]"></a>CPM_overwrite_test_mode</STRONG> (Thumb, 32 bytes, Stack size 8 bytes, cpm_drv.o(i.CPM_overwrite_test_mode))
<BR><BR>[Stack]<UL><LI>Max Depth = 8<LI>Call Chain = CPM_overwrite_test_mode
</UL>
<BR>[Calls]<UL><LI><a href="#[14b]">&gt;&gt;</a>&nbsp;&nbsp;&nbsp;CPM_Write_CoreTestKey
</UL>
<BR>[Called By]<UL><LI><a href="#[142]">&gt;&gt;</a>&nbsp;&nbsp;&nbsp;CPM_PowerOff_1p5
<LI><a href="#[146]">&gt;&gt;</a>&nbsp;&nbsp;&nbsp;CPM_Sleep
</UL>

<P><STRONG><a name="[149]"></a>cpm_set_sysclk_div</STRONG> (Thumb, 36 bytes, Stack size 0 bytes, cpm_drv.o(i.cpm_set_sysclk_div))
<BR><BR>[Called By]<UL><LI><a href="#[147]">&gt;&gt;</a>&nbsp;&nbsp;&nbsp;CPM_SysClkSelect
</UL>

<P><STRONG><a name="[353]"></a>PIT32_ISR</STRONG> (Thumb, 18 bytes, Stack size 0 bytes, pit32_drv.o(i.PIT32_ISR))
<BR><BR>[Called By]<UL><LI><a href="#[16]">&gt;&gt;</a>&nbsp;&nbsp;&nbsp;PIT2_IRQHandler
<LI><a href="#[15]">&gt;&gt;</a>&nbsp;&nbsp;&nbsp;PIT1_IRQHandler
</UL>

<P><STRONG><a name="[361]"></a>SPI_ISR</STRONG> (Thumb, 2 bytes, Stack size 0 bytes, spi_drv.o(i.SPI_ISR))
<BR><BR>[Called By]<UL><LI><a href="#[2e]">&gt;&gt;</a>&nbsp;&nbsp;&nbsp;SPI3_IRQHandler
<LI><a href="#[2d]">&gt;&gt;</a>&nbsp;&nbsp;&nbsp;SPI2_IRQHandler
<LI><a href="#[2c]">&gt;&gt;</a>&nbsp;&nbsp;&nbsp;SPI1_IRQHandler
</UL>

<P><STRONG><a name="[35d]"></a>UART_ISR</STRONG> (Thumb, 280 bytes, Stack size 12 bytes, uart_drv.o(i.UART_ISR))
<BR><BR>[Stack]<UL><LI>Max Depth = 12<LI>Call Chain = UART_ISR
</UL>
<BR>[Called By]<UL><LI><a href="#[4f]">&gt;&gt;</a>&nbsp;&nbsp;&nbsp;SCI3_IRQHandler
<LI><a href="#[33]">&gt;&gt;</a>&nbsp;&nbsp;&nbsp;SCI2_IRQHandler
<LI><a href="#[32]">&gt;&gt;</a>&nbsp;&nbsp;&nbsp;SCI1_IRQHandler
</UL>

<P><STRONG><a name="[3a8]"></a>DMATransfer</STRONG> (Thumb, 18 bytes, Stack size 0 bytes, usb_ms_control.o(i.DMATransfer))
<BR><BR>[Called By]<UL><LI><a href="#[392]">&gt;&gt;</a>&nbsp;&nbsp;&nbsp;UsbRead10
</UL>

<P><STRONG><a name="[3a9]"></a>DMAWaitDone</STRONG> (Thumb, 16 bytes, Stack size 0 bytes, usb_ms_control.o(i.DMAWaitDone))
<BR><BR>[Called By]<UL><LI><a href="#[392]">&gt;&gt;</a>&nbsp;&nbsp;&nbsp;UsbRead10
</UL>

<P><STRONG><a name="[392]"></a>UsbRead10</STRONG> (Thumb, 202 bytes, Stack size 8 bytes, usb_ms_control.o(i.UsbRead10))
<BR><BR>[Stack]<UL><LI>Max Depth = 32<LI>Call Chain = UsbRead10 &rArr; USBDev_Packet_BulkIn &rArr; UsbSetTXsize
</UL>
<BR>[Calls]<UL><LI><a href="#[393]">&gt;&gt;</a>&nbsp;&nbsp;&nbsp;USBDev_Packet_BulkIn
<LI><a href="#[3a4]">&gt;&gt;</a>&nbsp;&nbsp;&nbsp;UsbSetTXsize
<LI><a href="#[3a9]">&gt;&gt;</a>&nbsp;&nbsp;&nbsp;DMAWaitDone
<LI><a href="#[3a8]">&gt;&gt;</a>&nbsp;&nbsp;&nbsp;DMATransfer
<LI><a href="#[3a6]">&gt;&gt;</a>&nbsp;&nbsp;&nbsp;SetTx
</UL>
<BR>[Called By]<UL><LI><a href="#[390]">&gt;&gt;</a>&nbsp;&nbsp;&nbsp;USBDev_Data_BulkIn
</UL>

<P><STRONG><a name="[39a]"></a>VendorWriteData</STRONG> (Thumb, 218 bytes, Stack size 8 bytes, usb_ms_control.o(i.VendorWriteData))
<BR><BR>[Stack]<UL><LI>Max Depth = 32<LI>Call Chain = VendorWriteData &rArr; USBDev_Packet_BulkIn &rArr; UsbSetTXsize
</UL>
<BR>[Calls]<UL><LI><a href="#[393]">&gt;&gt;</a>&nbsp;&nbsp;&nbsp;USBDev_Packet_BulkIn
<LI><a href="#[395]">&gt;&gt;</a>&nbsp;&nbsp;&nbsp;read_ep_buf
<LI><a href="#[c1]">&gt;&gt;</a>&nbsp;&nbsp;&nbsp;__aeabi_memcpy
</UL>
<BR>[Called By]<UL><LI><a href="#[394]">&gt;&gt;</a>&nbsp;&nbsp;&nbsp;USBDev_Data_BulkOut
</UL>

<P><STRONG><a name="[391]"></a>enum_realDisk</STRONG> (Thumb, 174 bytes, Stack size 32 bytes, usb_ms_control.o(i.enum_realDisk))
<BR><BR>[Stack]<UL><LI>Max Depth = 32<LI>Call Chain = enum_realDisk
</UL>
<BR>[Calls]<UL><LI><a href="#[c1]">&gt;&gt;</a>&nbsp;&nbsp;&nbsp;__aeabi_memcpy
</UL>
<BR>[Called By]<UL><LI><a href="#[390]">&gt;&gt;</a>&nbsp;&nbsp;&nbsp;USBDev_Data_BulkIn
</UL>

<P><STRONG><a name="[3a1]"></a>USBDev_GetDescriptor</STRONG> (Thumb, 410 bytes, Stack size 100 bytes, usbdev_control.o(i.USBDev_GetDescriptor))
<BR><BR>[Stack]<UL><LI>Max Depth = 124<LI>Call Chain = USBDev_GetDescriptor &rArr; write_ep0_buf &rArr; write_ep_buf
</UL>
<BR>[Calls]<UL><LI><a href="#[3a2]">&gt;&gt;</a>&nbsp;&nbsp;&nbsp;write_ep0_buf
<LI><a href="#[3a3]">&gt;&gt;</a>&nbsp;&nbsp;&nbsp;USBDev_EP0_SendStall
</UL>
<BR>[Called By]<UL><LI><a href="#[39c]">&gt;&gt;</a>&nbsp;&nbsp;&nbsp;USBDev_Ep0Handler
</UL>

<P><STRONG><a name="[39f]"></a>USBDev_GetStatus</STRONG> (Thumb, 50 bytes, Stack size 8 bytes, usbdev_control.o(i.USBDev_GetStatus))
<BR><BR>[Stack]<UL><LI>Max Depth = 32<LI>Call Chain = USBDev_GetStatus &rArr; write_ep0_buf &rArr; write_ep_buf
</UL>
<BR>[Calls]<UL><LI><a href="#[3a2]">&gt;&gt;</a>&nbsp;&nbsp;&nbsp;write_ep0_buf
<LI><a href="#[3a3]">&gt;&gt;</a>&nbsp;&nbsp;&nbsp;USBDev_EP0_SendStall
</UL>
<BR>[Called By]<UL><LI><a href="#[39c]">&gt;&gt;</a>&nbsp;&nbsp;&nbsp;USBDev_Ep0Handler
</UL>

<P><STRONG><a name="[416]"></a>frameSetPack</STRONG> (Thumb, 120 bytes, Stack size 24 bytes, fsm.o(i.frameSetPack))
<BR><BR>[Stack]<UL><LI>Max Depth = 32<LI>Call Chain = frameSetPack &rArr; fsmCRC
</UL>
<BR>[Calls]<UL><LI><a href="#[417]">&gt;&gt;</a>&nbsp;&nbsp;&nbsp;fsmCRC
<LI><a href="#[c1]">&gt;&gt;</a>&nbsp;&nbsp;&nbsp;__aeabi_memcpy
</UL>
<BR>[Called By]<UL><LI><a href="#[6a]">&gt;&gt;</a>&nbsp;&nbsp;&nbsp;fsmSendFrame
</UL>

<P><STRONG><a name="[44b]"></a>sha_read_mid_length</STRONG> (Thumb, 162 bytes, Stack size 0 bytes, sha_drv.o(i.sha_read_mid_length))
<BR><BR>[Called By]<UL><LI><a href="#[360]">&gt;&gt;</a>&nbsp;&nbsp;&nbsp;sha_read_mid_data
</UL>

<P><STRONG><a name="[44a]"></a>sha_read_mid_result</STRONG> (Thumb, 36 bytes, Stack size 16 bytes, sha_drv.o(i.sha_read_mid_result))
<BR><BR>[Stack]<UL><LI>Max Depth = 16<LI>Call Chain = sha_read_mid_result
</UL>
<BR>[Calls]<UL><LI><a href="#[35f]">&gt;&gt;</a>&nbsp;&nbsp;&nbsp;sha_read_result
</UL>
<BR>[Called By]<UL><LI><a href="#[360]">&gt;&gt;</a>&nbsp;&nbsp;&nbsp;sha_read_mid_data
</UL>

<P><STRONG><a name="[3f8]"></a>disassembly_ins_is_bl_blx</STRONG> (Thumb, 48 bytes, Stack size 0 bytes, cm_backtrace.o(i.disassembly_ins_is_bl_blx))
<BR><BR>[Called By]<UL><LI><a href="#[3f7]">&gt;&gt;</a>&nbsp;&nbsp;&nbsp;cm_backtrace_call_stack
</UL>

<P><STRONG><a name="[3fb]"></a>dump_stack</STRONG> (Thumb, 124 bytes, Stack size 16 bytes, cm_backtrace.o(i.dump_stack))
<BR><BR>[Stack]<UL><LI>Max Depth = 160 + Unknown Stack Size
<LI>Call Chain = dump_stack &rArr; __2printf &rArr; _printf_char_file &rArr; _printf_char_common &rArr; __printf
</UL>
<BR>[Calls]<UL><LI><a href="#[af]">&gt;&gt;</a>&nbsp;&nbsp;&nbsp;__2printf
</UL>
<BR>[Called By]<UL><LI><a href="#[a5]">&gt;&gt;</a>&nbsp;&nbsp;&nbsp;cm_backtrace_fault
</UL>

<P><STRONG><a name="[3fc]"></a>fault_diagnosis</STRONG> (Thumb, 764 bytes, Stack size 8 bytes, cm_backtrace.o(i.fault_diagnosis))
<BR><BR>[Stack]<UL><LI>Max Depth = 152 + Unknown Stack Size
<LI>Call Chain = fault_diagnosis &rArr; __2printf &rArr; _printf_char_file &rArr; _printf_char_common &rArr; __printf
</UL>
<BR>[Calls]<UL><LI><a href="#[af]">&gt;&gt;</a>&nbsp;&nbsp;&nbsp;__2printf
</UL>
<BR>[Called By]<UL><LI><a href="#[a5]">&gt;&gt;</a>&nbsp;&nbsp;&nbsp;cm_backtrace_fault
</UL>

<P><STRONG><a name="[3fd]"></a>print_call_stack</STRONG> (Thumb, 118 bytes, Stack size 88 bytes, cm_backtrace.o(i.print_call_stack))
<BR><BR>[Stack]<UL><LI>Max Depth = 232 + Unknown Stack Size
<LI>Call Chain = print_call_stack &rArr; __2printf &rArr; _printf_char_file &rArr; _printf_char_common &rArr; __printf
</UL>
<BR>[Calls]<UL><LI><a href="#[3f7]">&gt;&gt;</a>&nbsp;&nbsp;&nbsp;cm_backtrace_call_stack
<LI><a href="#[186]">&gt;&gt;</a>&nbsp;&nbsp;&nbsp;__aeabi_memclr4
<LI><a href="#[b0]">&gt;&gt;</a>&nbsp;&nbsp;&nbsp;__2sprintf
<LI><a href="#[af]">&gt;&gt;</a>&nbsp;&nbsp;&nbsp;__2printf
</UL>
<BR>[Called By]<UL><LI><a href="#[a5]">&gt;&gt;</a>&nbsp;&nbsp;&nbsp;cm_backtrace_fault
</UL>

<P><STRONG><a name="[3fa]"></a>statck_del_fpu_regs</STRONG> (Thumb, 30 bytes, Stack size 0 bytes, cm_backtrace.o(i.statck_del_fpu_regs))
<BR><BR>[Called By]<UL><LI><a href="#[a5]">&gt;&gt;</a>&nbsp;&nbsp;&nbsp;cm_backtrace_fault
</UL>

<P><STRONG><a name="[20e]"></a>eflash_set_rwsc</STRONG> (Thumb, 22 bytes, Stack size 0 bytes, eflash.o(i.eflash_set_rwsc))
<BR><BR>[Called By]<UL><LI><a href="#[207]">&gt;&gt;</a>&nbsp;&nbsp;&nbsp;EFM_Init
</UL>

<P><STRONG><a name="[ca]"></a>_tm_carry</STRONG> (Thumb, 62 bytes, Stack size 8 bytes, mktime.o(.text))
<BR><BR>[Stack]<UL><LI>Max Depth = 8<LI>Call Chain = _tm_carry
</UL>
<BR>[Called By]<UL><LI><a href="#[c9]">&gt;&gt;</a>&nbsp;&nbsp;&nbsp;mktime
</UL>

<P><STRONG><a name="[cf]"></a>_fp_digits</STRONG> (Thumb, 432 bytes, Stack size 96 bytes, _printf_fp_dec.o(.text))
<BR><BR>[Stack]<UL><LI>Max Depth = 220<LI>Call Chain = _fp_digits &rArr; _btod_etento &rArr; _btod_emul &rArr; _e2e
</UL>
<BR>[Calls]<UL><LI><a href="#[d0]">&gt;&gt;</a>&nbsp;&nbsp;&nbsp;__ieee_status
<LI><a href="#[d4]">&gt;&gt;</a>&nbsp;&nbsp;&nbsp;_btod_emul
<LI><a href="#[d3]">&gt;&gt;</a>&nbsp;&nbsp;&nbsp;_btod_ediv
<LI><a href="#[d2]">&gt;&gt;</a>&nbsp;&nbsp;&nbsp;_btod_d2e
<LI><a href="#[d1]">&gt;&gt;</a>&nbsp;&nbsp;&nbsp;_btod_etento
<LI><a href="#[d5]">&gt;&gt;</a>&nbsp;&nbsp;&nbsp;_ll_udiv10
</UL>
<BR>[Called By]<UL><LI><a href="#[d6]">&gt;&gt;</a>&nbsp;&nbsp;&nbsp;_printf_fp_dec_real
</UL>

<P><STRONG><a name="[58]"></a>_printf_input_char</STRONG> (Thumb, 10 bytes, Stack size 0 bytes, _printf_char_common.o(.text))
<BR>[Address Reference Count : 1]<UL><LI> _printf_char_common.o(.text)
</UL><P>
<H3>
Undefined Global Symbols
</H3><HR></body></html>
